Component: ARM Compiler 5.06 update 4 (build 422) Tool: armlink [4d35d2]

==============================================================================

Section Cross References

    startup_stm32f407xx.o(RESET) refers to startup_stm32f407xx.o(STACK) for __initial_sp
    startup_stm32f407xx.o(RESET) refers to startup_stm32f407xx.o(.text) for Reset_Handler
    startup_stm32f407xx.o(RESET) refers to stm32f4xx_it.o(i.NMI_Handler) for NMI_Handler
    startup_stm32f407xx.o(RESET) refers to stm32f4xx_it.o(i.HardFault_Handler) for HardFault_Handler
    startup_stm32f407xx.o(RESET) refers to stm32f4xx_it.o(i.MemManage_Handler) for MemManage_Handler
    startup_stm32f407xx.o(RESET) refers to stm32f4xx_it.o(i.BusFault_Handler) for BusFault_Handler
    startup_stm32f407xx.o(RESET) refers to stm32f4xx_it.o(i.UsageFault_Handler) for UsageFault_Handler
    startup_stm32f407xx.o(RESET) refers to stm32f4xx_it.o(i.SVC_Handler) for SVC_Handler
    startup_stm32f407xx.o(RESET) refers to stm32f4xx_it.o(i.DebugMon_Handler) for DebugMon_Handler
    startup_stm32f407xx.o(RESET) refers to stm32f4xx_it.o(i.PendSV_Handler) for PendSV_Handler
    startup_stm32f407xx.o(RESET) refers to stm32f4xx_it.o(i.SysTick_Handler) for SysTick_Handler
    startup_stm32f407xx.o(RESET) refers to stm32f4xx_it.o(i.TIM2_IRQHandler) for TIM2_IRQHandler
    startup_stm32f407xx.o(RESET) refers to stm32f4xx_it.o(i.USART2_IRQHandler) for USART2_IRQHandler
    startup_stm32f407xx.o(RESET) refers to stm32f4xx_it.o(i.USART3_IRQHandler) for USART3_IRQHandler
    startup_stm32f407xx.o(.text) refers to system_stm32f4xx.o(i.SystemInit) for SystemInit
    startup_stm32f407xx.o(.text) refers to entry.o(.ARM.Collect$$$$00000000) for __main
    main.o(i.HAL_TIM_PeriodElapsedCallback) refers to stm32f4xx_hal.o(i.HAL_IncTick) for HAL_IncTick
    main.o(i.SystemClock_Config) refers to stm32f4xx_hal_rcc.o(i.HAL_RCC_OscConfig) for HAL_RCC_OscConfig
    main.o(i.SystemClock_Config) refers to main.o(i._Error_Handler) for _Error_Handler
    main.o(i.SystemClock_Config) refers to stm32f4xx_hal_rcc.o(i.HAL_RCC_ClockConfig) for HAL_RCC_ClockConfig
    main.o(i.SystemClock_Config) refers to stm32f4xx_hal_rcc.o(i.HAL_RCC_GetHCLKFreq) for HAL_RCC_GetHCLKFreq
    main.o(i.SystemClock_Config) refers to stm32f4xx_hal_cortex.o(i.HAL_SYSTICK_Config) for HAL_SYSTICK_Config
    main.o(i.SystemClock_Config) refers to stm32f4xx_hal_cortex.o(i.HAL_SYSTICK_CLKSourceConfig) for HAL_SYSTICK_CLKSourceConfig
    main.o(i.SystemClock_Config) refers to stm32f4xx_hal_cortex.o(i.HAL_NVIC_SetPriority) for HAL_NVIC_SetPriority
    main.o(i.fputc) refers to usart.o(.bss) for huart3
    main.o(i.main) refers to stm32f4xx_hal.o(i.HAL_Init) for HAL_Init
    main.o(i.main) refers to main.o(i.SystemClock_Config) for SystemClock_Config
    main.o(i.main) refers to gpio.o(i.MX_GPIO_Init) for MX_GPIO_Init
    main.o(i.main) refers to usart.o(i.MX_USART2_UART_Init) for MX_USART2_UART_Init
    main.o(i.main) refers to usart.o(i.MX_USART3_UART_Init) for MX_USART3_UART_Init
    main.o(i.main) refers to stm32f4xx_hal_uart.o(i.HAL_UART_Receive_IT) for HAL_UART_Receive_IT
    main.o(i.main) refers to printf8.o(i.__0printf$8) for __2printf
    main.o(i.main) refers to usart.o(.bss) for rec_table
    usart.o(i.HAL_UART_MspDeInit) refers to stm32f4xx_hal_gpio.o(i.HAL_GPIO_DeInit) for HAL_GPIO_DeInit
    usart.o(i.HAL_UART_MspDeInit) refers to stm32f4xx_hal_cortex.o(i.HAL_NVIC_DisableIRQ) for HAL_NVIC_DisableIRQ
    usart.o(i.HAL_UART_MspInit) refers to stm32f4xx_hal_gpio.o(i.HAL_GPIO_Init) for HAL_GPIO_Init
    usart.o(i.HAL_UART_MspInit) refers to stm32f4xx_hal_cortex.o(i.HAL_NVIC_SetPriority) for HAL_NVIC_SetPriority
    usart.o(i.HAL_UART_MspInit) refers to stm32f4xx_hal_cortex.o(i.HAL_NVIC_EnableIRQ) for HAL_NVIC_EnableIRQ
    usart.o(i.HAL_UART_RxCpltCallback) refers to stm32f4xx_hal_uart.o(i.HAL_UART_Receive_IT) for HAL_UART_Receive_IT
    usart.o(i.HAL_UART_RxCpltCallback) refers to sim8001.o(i.SIM800ReceiveData) for SIM800ReceiveData
    usart.o(i.HAL_UART_RxCpltCallback) refers to wrapper.o(i.ATReceiveData) for ATReceiveData
    usart.o(i.HAL_UART_RxCpltCallback) refers to usart.o(.bss) for rec_table
    usart.o(i.MX_USART2_UART_Init) refers to stm32f4xx_hal_uart.o(i.HAL_UART_Init) for HAL_UART_Init
    usart.o(i.MX_USART2_UART_Init) refers to main.o(i._Error_Handler) for _Error_Handler
    usart.o(i.MX_USART2_UART_Init) refers to usart.o(.bss) for huart2
    usart.o(i.MX_USART3_UART_Init) refers to stm32f4xx_hal_uart.o(i.HAL_UART_Init) for HAL_UART_Init
    usart.o(i.MX_USART3_UART_Init) refers to main.o(i._Error_Handler) for _Error_Handler
    usart.o(i.MX_USART3_UART_Init) refers to usart.o(.bss) for huart3
    stm32f4xx_it.o(i.SysTick_Handler) refers to stm32f4xx_hal_cortex.o(i.HAL_SYSTICK_IRQHandler) for HAL_SYSTICK_IRQHandler
    stm32f4xx_it.o(i.TIM2_IRQHandler) refers to stm32f4xx_hal_tim.o(i.HAL_TIM_IRQHandler) for HAL_TIM_IRQHandler
[...]
    Removing at_tcp.o(i._get_time_ms), (8 bytes).
    Removing at_tcp.o(i._time_left), (28 bytes).
    Removing sim800.o(i.HAL_AT_CONN_Close), (4 bytes).
    Removing sim800.o(i.HAL_AT_CONN_Deinit), (40 bytes).
    Removing sim800.o(i.HAL_AT_CONN_DomainToIp), (924 bytes).
    Removing sim800.o(i.HAL_AT_CONN_Init), (516 bytes).
    Removing sim800.o(i.HAL_AT_CONN_Send), (368 bytes).
    Removing sim800.o(i.HAL_AT_CONN_Start), (2 bytes).
    Removing sim800.o(i._get_time_ms), (8 bytes).
    Removing sim800.o(i._time_left), (28 bytes).
    Removing sim800.o(i.fd_to_linkid), (60 bytes).
    Removing sim800.o(i.sim800_gprs_domain_rsp_callback), (88 bytes).
    Removing sim800.o(i.sim800_gprs_get_ip_only), (156 bytes).
    Removing sim800.o(i.sim800_gprs_got_ip), (300 bytes).
    Removing sim800.o(i.sim800_gprs_ip_init), (500 bytes).
    Removing sim800.o(i.sim800_gprs_module_socket_data_handle), (2 bytes).
    Removing sim800.o(i.sim800_gprs_status_check), (528 bytes).
    Removing sim800.o(i.sim800_send_with_retry), (248 bytes).
    Removing sim800.o(i.sim800_uart_init), (548 bytes).
    Removing sim800.o(i.sim800_uart_selfadaption), (148 bytes).
    Removing sim800.o(.bss), (584 bytes).
    Removing sim800.o(.constdata), (241 bytes).
    Removing sim800.o(.conststring), (3 bytes).
    Removing sim800.o(.data), (16 bytes).
    Removing mqtt_sim800.o(.rev16_text), (4 bytes).
    Removing mqtt_sim800.o(.revsh_text), (4 bytes).
    Removing mqtt_sim800.o(.rrx_text), (6 bytes).
    Removing mqtt_sim800.o(i.HAL_AT_MQTT_Connect), (56 bytes).
    Removing mqtt_sim800.o(i.HAL_AT_MQTT_Deinit), (8 bytes).
    Removing mqtt_sim800.o(i.HAL_AT_MQTT_Disconnect), (8 bytes).
    Removing mqtt_sim800.o(i.HAL_AT_MQTT_GRPS_TCP_Init), (12 bytes).
    Removing mqtt_sim800.o(i.HAL_AT_MQTT_Init), (12 bytes).
    Removing mqtt_sim800.o(i.HAL_AT_MQTT_Publish), (26 bytes).
    Removing mqtt_sim800.o(i.HAL_AT_MQTT_State), (8 bytes).
    Removing mqtt_sim800.o(i.HAL_AT_MQTT_Subscribe), (36 bytes).
    Removing mqtt_sim800.o(i.HAL_AT_MQTT_Unsubscribe), (20 bytes).
    Removing mqtt_sim800.o(i.at_err_callback), (64 bytes).
    Removing mqtt_sim800.o(i.at_sim800_gprs_got_ip), (144 bytes).
    Removing mqtt_sim800.o(i.at_sim800_gprs_ip_init), (644 bytes).
    Removing mqtt_sim800.o(i.at_sim800_gprs_status_check), (580 bytes).
    Removing mqtt_sim800.o(i.at_sim800_mqtt_GPRS_TCP_init), (4716 bytes).
    Removing mqtt_sim800.o(i.at_sim800_mqtt_atsend), (312 bytes).
    Removing mqtt_sim800.o(i.at_sim800_mqtt_client_conn), (1292 bytes).
    Removing mqtt_sim800.o(i.at_sim800_mqtt_client_deinit), (36 bytes).
    Removing mqtt_sim800.o(i.at_sim800_mqtt_client_disconn), (116 bytes).
    Removing mqtt_sim800.o(i.at_sim800_mqtt_client_init), (520 bytes).
    Removing mqtt_sim800.o(i.at_sim800_mqtt_client_publish), (248 bytes).
    Removing mqtt_sim800.o(i.at_sim800_mqtt_client_reconn), (172 bytes).
    Removing mqtt_sim800.o(i.at_sim800_mqtt_client_rsp_callback), (416 bytes).
    Removing mqtt_sim800.o(i.at_sim800_mqtt_client_ssl), (112 bytes).
    Removing mqtt_sim800.o(i.at_sim800_mqtt_client_state), (268 bytes).
    Removing mqtt_sim800.o(i.at_sim800_mqtt_client_subscribe), (196 bytes).
    Removing mqtt_sim800.o(i.at_sim800_mqtt_client_unsubscribe), (192 bytes).
    Removing mqtt_sim800.o(i.at_succ_callback), (12 bytes).
    Removing mqtt_sim800.o(i.pub_callback), (340 bytes).
    Removing mqtt_sim800.o(i.recv_data_callback), (364 bytes).
    Removing mqtt_sim800.o(i.recv_sapbr_callback), (200 bytes).
    Removing mqtt_sim800.o(i.state_change_callback), (96 bytes).
    Removing mqtt_sim800.o(i.sub_callback), (344 bytes).
    Removing mqtt_sim800.o(i.unsub_callback), (408 bytes).
    Removing mqtt_sim800.o(.bss), (2344 bytes).
    Removing mqtt_sim800.o(.constdata), (163 bytes).
    Removing mqtt_sim800.o(.conststring), (388 bytes).
    Removing mqtt_sim800.o(.data), (40 bytes).
    Removing hal_sim800.o(i.HAL_Config_Read), (4 bytes).
    Removing hal_sim800.o(i.HAL_Config_Write), (4 bytes).
    Removing hal_sim800.o(i.HAL_Firmware_Persistence_Start), (2 bytes).
    Removing hal_sim800.o(i.HAL_Firmware_Persistence_Stop), (2 bytes).
    Removing hal_sim800.o(i.HAL_Firmware_Persistence_Write), (4 bytes).
    Removing hal_sim800.o(i.HAL_GetChipID), (4 bytes).
    Removing hal_sim800.o(i.HAL_GetDeviceID), (4 bytes).
    Removing hal_sim800.o(i.HAL_GetFirmwareVesion), (4 bytes).
    Removing hal_sim800.o(i.HAL_GetModuleID), (4 bytes).
    Removing hal_sim800.o(i.HAL_GetPartnerID), (4 bytes).
    Removing hal_sim800.o(i.HAL_GetTimeStr), (4 bytes).
    Removing hal_sim800.o(i.HAL_Kv_Del), (4 bytes).
    Removing hal_sim800.o(i.HAL_Kv_Get), (20 bytes).
    Removing hal_sim800.o(i.HAL_Kv_Set), (6 bytes).
    Removing hal_sim800.o(i.HAL_Reboot), (2 bytes).
    Removing hal_sim800.o(i.HAL_SemaphoreCreate), (2 bytes).
    Removing hal_sim800.o(i.HAL_SemaphoreDestroy), (2 bytes).
    Removing hal_sim800.o(i.HAL_SemaphorePost), (2 bytes).
    Removing hal_sim800.o(i.HAL_SemaphoreWait), (4 bytes).
    Removing hal_sim800.o(i.HAL_SetDeviceName), (48 bytes).
    Removing hal_sim800.o(i.HAL_SetDeviceSecret), (48 bytes).
    Removing hal_sim800.o(i.HAL_SetProductKey), (48 bytes).
    Removing hal_sim800.o(i.HAL_SetProductSecret), (48 bytes).
    Removing hal_sim800.o(i.HAL_Sys_reboot), (2 bytes).
    Removing hal_sim800.o(i.HAL_ThreadCreate), (6 bytes).
    Removing hal_sim800.o(i.HAL_ThreadDelete), (2 bytes).
    Removing hal_sim800.o(i.HAL_ThreadDetach), (2 bytes).
    Removing hal_sim800.o(i.HAL_Timer_Create), (4 bytes).
    Removing hal_sim800.o(i.HAL_Timer_Delete), (4 bytes).
    Removing hal_sim800.o(i.HAL_Timer_Start), (4 bytes).
    Removing hal_sim800.o(i.HAL_Timer_Stop), (4 bytes).
    Removing hal_sim800.o(i.HAL_UTC_Get), (2 bytes).
    Removing hal_sim800.o(i.HAL_UTC_Set), (2 bytes).
    Removing hal_sim800.o(i.HAL_Wifi_Get_IP), (4 bytes).
    Removing hal_sim800.o(i._get_default_routing_ifname), (4 bytes).
    Removing hal_sim800.o(i.kv_get), (4 bytes).
    Removing hal_sim800.o(i.os_time_get), (2 bytes).
    Removing hal_sim800.o(.data), (200 bytes).
    Removing at_mqtt.o(i.MALMQTTConnect), (72 bytes).
    Removing at_mqtt.o(i.MALMQTTDisconnect), (10 bytes).
    Removing at_mqtt.o(i.MALMQTTPublish), (144 bytes).
    Removing at_mqtt.o(i.MALMQTTSubscribe), (216 bytes).
    Removing at_mqtt.o(i.MALMQTTUnsubscribe), (94 bytes).
    Removing at_mqtt.o(i.Start_Gprs_TCP), (18 bytes).
    Removing at_mqtt.o(i.at_mqtt_input), (608 bytes).
    Removing at_mqtt.o(i.iotx_mc_handle_recv_PUBLISH), (568 bytes).
    Removing at_mqtt.o(i.mal_mc_check_rule), (236 bytes).
    Removing at_mqtt.o(i.mal_mc_check_topic), (324 bytes).
    Removing at_mqtt.o(i.mal_mc_cycle), (400 bytes).
    Removing at_mqtt.o(i.mal_mc_disconnect), (132 bytes).
    Removing at_mqtt.o(i.mal_mc_get_client_state), (22 bytes).
    Removing at_mqtt.o(i.mal_mc_get_next_packetid), (50 bytes).
    Removing at_mqtt.o(i.mal_mc_init), (160 bytes).
    Removing at_mqtt.o(i.mal_mc_is_topic_matched), (138 bytes).
    Removing at_mqtt.o(i.mal_mc_recv_buf_deinit), (156 bytes).
    Removing at_mqtt.o(i.mal_mc_recv_buf_init), (196 bytes).
    Removing at_mqtt.o(i.mal_mc_set_client_state), (22 bytes).
    Removing at_mqtt.o(i.mal_mc_wait_for_result), (54 bytes).
    Removing at_mqtt.o(i.mal_time_countdown_ms), (22 bytes).
    Removing at_mqtt.o(i.mal_time_init), (12 bytes).
    Removing at_mqtt.o(i.mal_time_is_expired), (36 bytes).
    Removing at_mqtt.o(i.mal_time_left), (36 bytes).
    Removing at_mqtt.o(i.remove_handle_from_list), (34 bytes).
    Removing at_mqtt.o(i.wrapper_mqtt_check_state), (28 bytes).
    Removing at_mqtt.o(i.wrapper_mqtt_connect), (188 bytes).
    Removing at_mqtt.o(i.wrapper_mqtt_init), (180 bytes).
    Removing at_mqtt.o(i.wrapper_mqtt_publish), (404 bytes).
    Removing at_mqtt.o(i.wrapper_mqtt_release), (152 bytes).
    Removing at_mqtt.o(i.wrapper_mqtt_subscribe), (40 bytes).
    Removing at_mqtt.o(i.wrapper_mqtt_subscribe_sync), (460 bytes).
    Removing at_mqtt.o(i.wrapper_mqtt_unsubscribe), (340 bytes).
    Removing at_mqtt.o(i.wrapper_mqtt_yield), (212 bytes).
    Removing at_mqtt.o(.bss), (1288 bytes).
    Removing at_mqtt.o(.data), (8 bytes).
    Removing dev_sign_mqtt.o(i.IOT_Sign_MQTT), (952 bytes).
    Removing dev_sign_mqtt.o(i._hex2str), (80 bytes).
    Removing dev_sign_mqtt.o(i._sign_get_clientid), (248 bytes).
    Removing dev_sign_mqtt.o(.conststring), (96 bytes).
    Removing dev_sign_mqtt.o(.data), (48 bytes).
    Removing infra_compat.o(i.IOT_DumpMemoryStats), (2 bytes).
    Removing infra_compat.o(i.IOT_Ioctl), (308 bytes).
    Removing infra_compat.o(i.IOT_SetupConnInfo), (232 bytes).
    Removing infra_compat.o(i.iotx_event_callback), (28 bytes).
    Removing infra_compat.o(i.iotx_event_post), (32 bytes).
    Removing infra_compat.o(i.iotx_event_regist_cb), (16 bytes).
    Removing infra_compat.o(i.iotx_register_for_ITE_AWSS_STATUS), (16 bytes).
    Removing infra_compat.o(i.iotx_register_for_ITE_CONNECT_FAIL), (16 bytes).
    Removing infra_compat.o(i.iotx_register_for_ITE_CONNECT_SUCC), (16 bytes).
    Removing infra_compat.o(i.iotx_register_for_ITE_COTA), (16 bytes).
    Removing infra_compat.o(i.iotx_register_for_ITE_DISCONNECTED), (16 bytes).
    Removing infra_compat.o(i.iotx_register_for_ITE_FOTA), (16 bytes).
    Removing infra_compat.o(i.iotx_register_for_ITE_INITIALIZE_COMPLETED), (16 bytes).
    Removing infra_compat.o(i.iotx_register_for_ITE_MQTT_CONNECT_SUCC), (16 bytes).
    Removing infra_compat.o(i.iotx_register_for_ITE_PERMIT_JOIN), (16 bytes).
    Removing infra_compat.o(i.iotx_register_for_ITE_PROPERTY_GET), (16 bytes).
    Removing infra_compat.o(i.iotx_register_for_ITE_PROPERTY_SET), (16 bytes).
    Removing infra_compat.o(i.iotx_register_for_ITE_RAWDATA_ARRIVED), (16 bytes).
    Removing infra_compat.o(i.iotx_register_for_ITE_REPORT_REPLY), (16 bytes).
    Removing infra_compat.o(i.iotx_register_for_ITE_SERVICE_REQUEST), (16 bytes).
    Removing infra_compat.o(i.iotx_register_for_ITE_TIMESTAMP_REPLY), (16 bytes).
    Removing infra_compat.o(i.iotx_register_for_ITE_TOPOLIST_REPLY), (16 bytes).
    Removing infra_compat.o(i.iotx_register_for_ITE_TRIGGER_EVENT_REPLY), (16 bytes).
    Removing infra_compat.o(.bss), (40 bytes).
    Removing infra_compat.o(.data), (140 bytes).
    Removing infra_defs.o(.conststring), (379 bytes).
    Removing infra_defs.o(.data), (48 bytes).
    Removing infra_httpc.o(i._http_get_response_body), (236 bytes).
    Removing infra_httpc.o(i._http_parse_response_header), (276 bytes).
    Removing infra_httpc.o(i._http_recv), (86 bytes).
    Removing infra_httpc.o(i._http_send), (146 bytes).
    Removing infra_httpc.o(i._http_send_header), (476 bytes).
    Removing infra_httpc.o(i._http_send_request), (82 bytes).
    Removing infra_httpc.o(i._http_send_userdata), (58 bytes).
    Removing infra_httpc.o(i._utils_check_deadloop), (106 bytes).
    Removing infra_httpc.o(i._utils_fill_rx_buf), (100 bytes).
    Removing infra_httpc.o(i._utils_fill_tx_buffer), (110 bytes).
    Removing infra_httpc.o(i._utils_parse_url), (128 bytes).
    Removing infra_httpc.o(i.httpclient_close), (20 bytes).
    Removing infra_httpc.o(i.httpclient_common), (116 bytes).
    Removing infra_httpc.o(i.httpclient_connect), (70 bytes).
    Removing infra_httpc.o(i.httpclient_recv_response), (224 bytes).
    Removing infra_httpc.o(i.iotx_post), (38 bytes).
    Removing infra_httpc.o(.constdata), (43 bytes).
    Removing infra_json_parser.o(i.LITE_json_value_of), (188 bytes).
    Removing infra_json_parser.o(i.json_get_next_object), (616 bytes).
    Removing infra_json_parser.o(i.json_get_object), (70 bytes).
    Removing infra_json_parser.o(i.json_get_value_by_name), (72 bytes).
    Removing infra_json_parser.o(i.json_get_value_by_name_cb), (54 bytes).
    Removing infra_json_parser.o(i.json_get_value_by_name_len), (68 bytes).
    Removing infra_json_parser.o(i.json_parse_name_value), (146 bytes).
    Removing infra_json_parser.o(.constdata), (10 bytes).
    Removing infra_log.o(i.IOT_SetLogLevel), (2 bytes).
    Removing infra_log.o(i.LITE_rich_hexdump), (8 bytes).
    Removing infra_log.o(i.log_multi_line_internal), (12 bytes).
    Removing infra_md5.o(i.utils_hb2hex), (24 bytes).
    Removing infra_md5.o(i.utils_hmac_md5), (232 bytes).
    Removing infra_md5.o(i.utils_md5), (50 bytes).
    Removing infra_md5.o(i.utils_md5_clone), (18 bytes).
    Removing infra_md5.o(i.utils_md5_finish), (212 bytes).
    Removing infra_md5.o(i.utils_md5_free), (20 bytes).
    Removing infra_md5.o(i.utils_md5_init), (14 bytes).
    Removing infra_md5.o(i.utils_md5_process), (2316 bytes).
    Removing infra_md5.o(i.utils_md5_starts), (36 bytes).
    Removing infra_md5.o(i.utils_md5_update), (124 bytes).
    Removing infra_md5.o(i.utils_md5_zeroize), (22 bytes).
    Removing infra_md5.o(.constdata), (64 bytes).
    Removing infra_net.o(i.connect_ssl), (68 bytes).
    Removing infra_net.o(i.disconnect_ssl), (26 bytes).
    Removing infra_net.o(i.iotx_net_connect), (28 bytes).
    Removing infra_net.o(i.iotx_net_disconnect), (28 bytes).
    Removing infra_net.o(i.iotx_net_init), (88 bytes).
    Removing infra_net.o(i.read_ssl), (36 bytes).
    Removing infra_net.o(i.ssl_free), (12 bytes).
    Removing infra_net.o(i.ssl_malloc), (12 bytes).
    Removing infra_net.o(i.utils_net_read), (46 bytes).
    Removing infra_net.o(i.utils_net_write), (46 bytes).
    Removing infra_net.o(i.write_ssl), (36 bytes).
    Removing infra_prt_nwk_payload.o(i.iotx_facility_json_print), (668 bytes).
    Removing infra_prt_nwk_payload.o(.conststring), (43 bytes).
    Removing infra_prt_nwk_payload.o(.data), (28 bytes).
    Removing infra_report.o(i.aos_get_chip_code), (16 bytes).
    Removing infra_report.o(i.aos_get_mac_hex), (24 bytes).
    Removing infra_report.o(i.aos_get_version_hex), (72 bytes).
    Removing infra_report.o(i.aos_get_version_info), (144 bytes).
    Removing infra_report.o(i.iotx_report_devinfo), (268 bytes).
    Removing infra_report.o(i.iotx_report_firmware_version), (256 bytes).
    Removing infra_report.o(i.iotx_report_id), (20 bytes).
    Removing infra_report.o(i.iotx_report_mid), (6 bytes).
    Removing infra_report.o(i.iotx_set_report_func), (12 bytes).
    Removing infra_report.o(.conststring), (207 bytes).
    Removing infra_report.o(.data), (12 bytes).
    Removing infra_sha256.o(i.utils_hmac_sha256), (194 bytes).
    Removing infra_sha256.o(i.utils_sha256), (50 bytes).
    Removing infra_sha256.o(i.utils_sha256_finish), (356 bytes).
    Removing infra_sha256.o(i.utils_sha256_free), (20 bytes).
    Removing infra_sha256.o(i.utils_sha256_init), (14 bytes).
    Removing infra_sha256.o(i.utils_sha256_process), (448 bytes).
    Removing infra_sha256.o(i.utils_sha256_starts), (80 bytes).
    Removing infra_sha256.o(i.utils_sha256_update), (124 bytes).
    Removing infra_sha256.o(i.utils_sha256_zeroize), (22 bytes).
    Removing infra_sha256.o(.constdata), (320 bytes).
    Removing infra_string.o(i.LITE_hexbuf_convert), (88 bytes).
    Removing infra_string.o(i.LITE_hexstr_convert), (84 bytes).
    Removing infra_string.o(i._hexval_of_char), (62 bytes).
    Removing infra_string.o(i.infra_hex2char), (24 bytes).
    Removing infra_string.o(i.infra_hex2str), (80 bytes).
    Removing infra_string.o(i.infra_int2str), (76 bytes).
    Removing infra_string.o(i.infra_str2int), (100 bytes).
    Removing infra_string.o(i.infra_strtok), (268 bytes).
    Removing infra_string.o(.conststring), (37 bytes).
    Removing infra_string.o(.data), (16 bytes).
    Removing infra_timer.o(i.iotx_time_init), (12 bytes).
    Removing infra_timer.o(i.iotx_time_left), (36 bytes).
    Removing infra_timer.o(i.iotx_time_start), (18 bytes).
    Removing infra_timer.o(i.utils_time_countdown_ms), (22 bytes).
    Removing infra_timer.o(i.utils_time_get_ms), (8 bytes).
    Removing infra_timer.o(i.utils_time_is_expired), (36 bytes).
    Removing infra_timer.o(i.utils_time_spend), (24 bytes).
    Removing mqtt_api.o(i.INIT_AOS_DLIST_HEAD), (6 bytes).
    Removing mqtt_api.o(i.IOT_MQTT_CheckStateNormal), (36 bytes).
    Removing mqtt_api.o(i.IOT_MQTT_Construct), (1556 bytes).
    Removing mqtt_api.o(i.IOT_MQTT_Destroy), (52 bytes).
    Removing mqtt_api.o(i.IOT_MQTT_Nwk_Event_Handler), (8 bytes).
    Removing mqtt_api.o(i.IOT_MQTT_Publish), (68 bytes).
    Removing mqtt_api.o(i.IOT_MQTT_Publish_Simple), (124 bytes).
    Removing mqtt_api.o(i.IOT_MQTT_Subscribe), (96 bytes).
    Removing mqtt_api.o(i.IOT_MQTT_Subscribe_Sync), (108 bytes).
    Removing mqtt_api.o(i.IOT_MQTT_Unsubscribe), (52 bytes).
    Removing mqtt_api.o(i.IOT_MQTT_Yield), (32 bytes).
    Removing mqtt_api.o(i._iotx_mqtt_free_param), (14 bytes).
    Removing mqtt_api.o(i._iotx_mqtt_new_param), (10 bytes).
    Removing mqtt_api.o(i._offline_subs_list_deinit), (100 bytes).
    Removing mqtt_api.o(i._offline_subs_list_init), (52 bytes).
    Removing mqtt_api.o(i.dlist_del), (10 bytes).
    Removing mqtt_api.o(i.iotx_mqtt_deal_offline_subs), (120 bytes).
    Removing mqtt_api.o(i.iotx_mqtt_offline_subscribe), (288 bytes).
    Removing mqtt_api.o(i.iotx_mqtt_report_funcs), (48 bytes).
    Removing mqtt_api.o(.bss), (808 bytes).
    Removing mqtt_api.o(.conststring), (96 bytes).
    Removing mqtt_api.o(.data), (4 bytes).
    Removing mqttconnectclient.o(i.MQTTDeserialize_connack), (118 bytes).
    Removing mqttconnectclient.o(i.MQTTSerialize_connect), (388 bytes).
    Removing mqttconnectclient.o(i.MQTTSerialize_connectLength), (118 bytes).
    Removing mqttconnectclient.o(i.MQTTSerialize_disconnect), (18 bytes).
    Removing mqttconnectclient.o(i.MQTTSerialize_pingreq), (18 bytes).
    Removing mqttconnectclient.o(i.MQTTSerialize_zero), (84 bytes).
    Removing mqttdeserializepublish.o(i.MQTTDeserialize_ack), (108 bytes).
    Removing mqttdeserializepublish.o(i.MQTTDeserialize_publish), (174 bytes).
    Removing mqttpacket.o(i.MQTTPacket_decode), (88 bytes).
    Removing mqttpacket.o(i.MQTTPacket_decodeBuf), (28 bytes).
    Removing mqttpacket.o(i.MQTTPacket_encode), (54 bytes).
    Removing mqttpacket.o(i.MQTTPacket_equals), (66 bytes).
    Removing mqttpacket.o(i.MQTTPacket_len), (40 bytes).
    Removing mqttpacket.o(i.MQTTstrlen), (24 bytes).
    Removing mqttpacket.o(i.bufchar), (40 bytes).
    Removing mqttpacket.o(i.getLenStringLen), (18 bytes).
    Removing mqttpacket.o(i.readChar), (14 bytes).
    Removing mqttpacket.o(i.readInt), (26 bytes).
    Removing mqttpacket.o(i.readMQTTLenString), (58 bytes).
    Removing mqttpacket.o(i.writeCString), (40 bytes).
    Removing mqttpacket.o(i.writeChar), (12 bytes).
    Removing mqttpacket.o(i.writeInt), (48 bytes).
    Removing mqttpacket.o(i.writeMQTTString), (62 bytes).
    Removing mqttpacket.o(.data), (4 bytes).
    Removing mqttserializepublish.o(i.MQTTSerialize_ack), (144 bytes).
    Removing mqttserializepublish.o(i.MQTTSerialize_publish), (208 bytes).
    Removing mqttserializepublish.o(i.MQTTSerialize_publishLength), (34 bytes).
    Removing mqttsubscribeclient.o(i.MQTTDeserialize_suback), (146 bytes).
    Removing mqttsubscribeclient.o(i.MQTTSerialize_subscribe), (192 bytes).
    Removing mqttsubscribeclient.o(i.MQTTSerialize_subscribeLength), (46 bytes).
    Removing mqttunsubscribeclient.o(i.MQTTDeserialize_unsuback), (46 bytes).
    Removing mqttunsubscribeclient.o(i.MQTTSerialize_unsubscribe), (182 bytes).
    Removing mqttunsubscribeclient.o(i.MQTTSerialize_unsubscribeLength), (46 bytes).
    Removing wrapper.o(.rev16_text), (4 bytes).
    Removing wrapper.o(.revsh_text), (4 bytes).
    Removing wrapper.o(.rrx_text), (6 bytes).
    Removing wrapper.o(i.Clear_AT_RxBuf), (28 bytes).
    Removing wrapper.o(i.HAL_AT_Uart_Deinit), (16 bytes).
    Removing wrapper.o(i.HAL_AT_Uart_Init), (6 bytes).
    Removing wrapper.o(i.HAL_AT_Uart_Recv), (56 bytes).
    Removing wrapper.o(i.HAL_AT_Uart_Send), (36 bytes).
    Removing wrapper.o(i.HAL_Free), (12 bytes).
    Removing wrapper.o(i.HAL_GetDeviceName), (44 bytes).
    Removing wrapper.o(i.HAL_GetDeviceSecret), (40 bytes).
    Removing wrapper.o(i.HAL_GetFirmwareVersion), (6 bytes).
    Removing wrapper.o(i.HAL_GetProductKey), (40 bytes).
    Removing wrapper.o(i.HAL_Malloc), (12 bytes).
    Removing wrapper.o(i.HAL_MutexCreate), (2 bytes).
    Removing wrapper.o(i.HAL_MutexDestroy), (2 bytes).
    Removing wrapper.o(i.HAL_MutexLock), (2 bytes).
    Removing wrapper.o(i.HAL_MutexUnlock), (2 bytes).
    Removing wrapper.o(i.HAL_SSLHooks_set), (6 bytes).
    Removing wrapper.o(i.HAL_SSL_Destroy), (6 bytes).
    Removing wrapper.o(i.HAL_SSL_Establish), (8 bytes).
    Removing wrapper.o(i.HAL_SSL_Read), (8 bytes).
    Removing wrapper.o(i.HAL_SSL_Write), (8 bytes).
    Removing wrapper.o(i.HAL_SleepMs), (12 bytes).
    Removing wrapper.o(i.HAL_UptimeMs), (6 bytes).
    Removing iotx_ota.o(i.IOT_OTA_Deinit), (188 bytes).
    Removing iotx_ota.o(i.IOT_OTA_FetchYield), (316 bytes).
    Removing iotx_ota.o(i.IOT_OTA_GetLastError), (16 bytes).
    Removing iotx_ota.o(i.IOT_OTA_Init), (172 bytes).
    Removing iotx_ota.o(i.IOT_OTA_Ioctl), (968 bytes).
    Removing iotx_ota.o(i.IOT_OTA_IsFetchFinish), (38 bytes).
    Removing iotx_ota.o(i.IOT_OTA_IsFetching), (38 bytes).
    Removing iotx_ota.o(i.IOT_OTA_ReportProgress), (136 bytes).
    Removing iotx_ota.o(i.IOT_OTA_ReportVersion), (150 bytes).
    Removing iotx_ota.o(i.iotx_ota_get_config), (228 bytes).
    Removing iotx_ota.o(i.iotx_ota_set_cota_fetch_callback), (28 bytes).
    Removing iotx_ota.o(i.iotx_ota_set_fetch_callback), (26 bytes).
    Removing iotx_ota.o(i.iotx_req_image), (164 bytes).
    Removing iotx_ota.o(i.osc_Deinit), (18 bytes).
    Removing iotx_ota.o(i.osc_Init), (356 bytes).
    Removing iotx_ota.o(i.osc_ReportProgress), (32 bytes).
    Removing iotx_ota.o(i.osc_ReportVersion), (28 bytes).
    Removing iotx_ota.o(i.osc_RequestConfig), (20 bytes).
    Removing iotx_ota.o(i.osc_RequestImage), (28 bytes).
    Removing iotx_ota.o(i.ota_callback), (624 bytes).
    Removing iotx_ota.o(i.ota_check_progress), (20 bytes).
    Removing iotx_ota.o(i.otamqtt_GenTopicName), (84 bytes).
    Removing iotx_ota.o(i.otamqtt_Publish), (110 bytes).
    Removing iotx_ota.o(i.otamqtt_UpgrageCb), (448 bytes).
    Removing iotx_ota.o(i.otamqtt_publish_full_topic), (32 bytes).
    Removing iotx_ota.o(.conststring), (122 bytes).
    Removing iotx_ota.o(.data), (4 bytes).
    Removing ota_lib.o(i.otalib_GenInfoMsg), (80 bytes).
    Removing ota_lib.o(i.otalib_GenReportMsg), (168 bytes).
    Removing ota_lib.o(i.otalib_GetConfigParams), (224 bytes).
    Removing ota_lib.o(i.otalib_GetFirmwareFixlenPara), (66 bytes).
    Removing ota_lib.o(i.otalib_GetFirmwareVarlenPara), (76 bytes).
    Removing ota_lib.o(i.otalib_GetParams), (156 bytes).
    Removing ota_lib.o(i.otalib_JsonValueOf), (42 bytes).
    Removing ota_lib.o(i.otalib_MD5Deinit), (16 bytes).
    Removing ota_lib.o(i.otalib_MD5Finalize), (62 bytes).
    Removing ota_lib.o(i.otalib_MD5Init), (32 bytes).
    Removing ota_lib.o(i.otalib_MD5Update), (20 bytes).
    Removing ota_lib.o(i.otalib_Sha256Deinit), (22 bytes).
    Removing ota_lib.o(i.otalib_Sha256Finalize), (66 bytes).
    Removing ota_lib.o(i.otalib_Sha256Init), (32 bytes).
    Removing ota_lib.o(i.otalib_Sha256Update), (20 bytes).
    Removing ota_fetch.o(i.ofc_Deinit), (18 bytes).
    Removing ota_fetch.o(i.ofc_Fetch), (88 bytes).
    Removing ota_fetch.o(i.ofc_Init), (40 bytes).
    Removing ota_fetch.o(.conststring), (106 bytes).
    Removing root_ca.o(.conststring), (1281 bytes).
    Removing root_ca.o(.data), (4 bytes).
    Removing dadd.o(.text), (334 bytes).
    Removing dmul.o(.text), (228 bytes).
    Removing ddiv.o(.text), (222 bytes).
    Removing dfixul.o(.text), (48 bytes).
    Removing cdrcmple.o(.text), (48 bytes).
    Removing depilogue.o(.text), (186 bytes).

862 unused section(s) (total 128197 bytes) removed from the image.

==============================================================================

Image Symbol Table

    Local Symbols

    Symbol Name                              Value     Ov Type        Size  Object(Section)

    ../Drivers/STM32F4xx_HAL_Driver/Src/stm32f4xx_hal.c 0x00000000   Number         0  stm32f4xx_hal.o ABSOLUTE
    ../Drivers/STM32F4xx_HAL_Driver/Src/stm32f4xx_hal_cortex.c 0x00000000   Number         0  stm32f4xx_hal_cortex.o ABSOLUTE
    ../Drivers/STM32F4xx_HAL_Driver/Src/stm32f4xx_hal_dma.c 0x00000000   Number         0  stm32f4xx_hal_dma.o ABSOLUTE
    ../Drivers/STM32F4xx_HAL_Driver/Src/stm32f4xx_hal_dma_ex.c 0x00000000   Number         0  stm32f4xx_hal_dma_ex.o ABSOLUTE
    ../Drivers/STM32F4xx_HAL_Driver/Src/stm32f4xx_hal_flash.c 0x00000000   Number         0  stm32f4xx_hal_flash.o ABSOLUTE
    ../Drivers/STM32F4xx_HAL_Driver/Src/stm32f4xx_hal_flash_ex.c 0x00000000   Number         0  stm32f4xx_hal_flash_ex.o ABSOLUTE
    ../Drivers/STM32F4xx_HAL_Driver/Src/stm32f4xx_hal_flash_ramfunc.c 0x00000000   Number         0  stm32f4xx_hal_flash_ramfunc.o ABSOLUTE
    ../Drivers/STM32F4xx_HAL_Driver/Src/stm32f4xx_hal_gpio.c 0x00000000   Number         0  stm32f4xx_hal_gpio.o ABSOLUTE
    ../Drivers/STM32F4xx_HAL_Driver/Src/stm32f4xx_hal_pwr.c 0x00000000   Number         0  stm32f4xx_hal_pwr.o ABSOLUTE
    ../Drivers/STM32F4xx_HAL_Driver/Src/stm32f4xx_hal_pwr_ex.c 0x00000000   Number         0  stm32f4xx_hal_pwr_ex.o ABSOLUTE
    ../Drivers/STM32F4xx_HAL_Driver/Src/stm32f4xx_hal_rcc.c 0x00000000   Number         0  stm32f4xx_hal_rcc.o ABSOLUTE
    ../Drivers/STM32F4xx_HAL_Driver/Src/stm32f4xx_hal_rcc_ex.c 0x00000000   Number         0  stm32f4xx_hal_rcc_ex.o ABSOLUTE
    ../Drivers/STM32F4xx_HAL_Driver/Src/stm32f4xx_hal_tim.c 0x00000000   Number         0  stm32f4xx_hal_tim.o ABSOLUTE
    ../Drivers/STM32F4xx_HAL_Driver/Src/stm32f4xx_hal_tim_ex.c 0x00000000   Number         0  stm32f4xx_hal_tim_ex.o ABSOLUTE
    ../Drivers/STM32F4xx_HAL_Driver/Src/stm32f4xx_hal_uart.c 0x00000000   Number         0  stm32f4xx_hal_uart.o ABSOLUTE
    ../Src/gpio.c                            0x00000000   Number         0  gpio.o ABSOLUTE
    ../Src/main.c                            0x00000000   Number         0  main.o ABSOLUTE
    ../Src/stm32f4xx_hal_msp.c               0x00000000   Number         0  stm32f4xx_hal_msp.o ABSOLUTE
    ../Src/stm32f4xx_hal_timebase_TIM.c      0x00000000   Number         0  stm32f4xx_hal_timebase_tim.o ABSOLUTE
    ../Src/stm32f4xx_it.c                    0x00000000   Number         0  stm32f4xx_it.o ABSOLUTE
    ../Src/usart.c                           0x00000000   Number         0  usart.o ABSOLUTE
    ../clib/microlib/ctype/ctype.c           0x00000000   Number         0  iscntrl_o.o ABSOLUTE
    ../clib/microlib/ctype/ctype.c           0x00000000   Number         0  isblank_o.o ABSOLUTE
    ../clib/microlib/ctype/ctype.c           0x00000000   Number         0  isalpha_o.o ABSOLUTE
    ../clib/microlib/ctype/ctype.c           0x00000000   Number         0  isalnum_o.o ABSOLUTE
    ../clib/microlib/ctype/ctype.c           0x00000000   Number         0  isdigit_o.o ABSOLUTE
    ../clib/microlib/ctype/ctype.c           0x00000000   Number         0  isxdigit_o.o ABSOLUTE
    ../clib/microlib/ctype/ctype.c           0x00000000   Number         0  ctype_o.o ABSOLUTE
    ../clib/microlib/ctype/ctype.c           0x00000000   Number         0  isupper_o.o ABSOLUTE
    ../clib/microlib/ctype/ctype.c           0x00000000   Number         0  isgraph_o.o ABSOLUTE
    ../clib/microlib/ctype/ctype.c           0x00000000   Number         0  isspace_o.o ABSOLUTE
    ../clib/microlib/ctype/ctype.c           0x00000000   Number         0  ispunct_o.o ABSOLUTE
    ../clib/microlib/ctype/ctype.c           0x00000000   Number         0  isprint_o.o ABSOLUTE
    ../clib/microlib/ctype/ctype.c           0x00000000   Number         0  islower_o.o ABSOLUTE
    ../clib/microlib/division.c              0x00000000   Number         0  uidiv.o ABSOLUTE
    ../clib/microlib/division.c              0x00000000   Number         0  uldiv.o ABSOLUTE
    ../clib/microlib/errno.c                 0x00000000   Number         0  errno.o ABSOLUTE
    ../clib/microlib/init/entry.s            0x00000000   Number         0  entry5.o ABSOLUTE
    ../clib/microlib/init/entry.s            0x00000000   Number         0  entry11b.o ABSOLUTE
    ../clib/microlib/init/entry.s            0x00000000   Number         0  entry11a.o ABSOLUTE
    ../clib/microlib/init/entry.s            0x00000000   Number         0  entry10b.o ABSOLUTE
    ../clib/microlib/init/entry.s            0x00000000   Number         0  entry9b.o ABSOLUTE
    ../clib/microlib/init/entry.s            0x00000000   Number         0  entry9a.o ABSOLUTE
    ../clib/microlib/init/entry.s            0x00000000   Number         0  entry8b.o ABSOLUTE
    ../clib/microlib/init/entry.s            0x00000000   Number         0  entry8a.o ABSOLUTE
    ../clib/microlib/init/entry.s            0x00000000   Number         0  entry7b.o ABSOLUTE
    ../clib/microlib/init/entry.s            0x00000000   Number         0  entry7a.o ABSOLUTE
    ../clib/microlib/init/entry.s            0x00000000   Number         0  entry2.o ABSOLUTE
    ../clib/microlib/init/entry.s            0x00000000   Number         0  entry10a.o ABSOLUTE
    ../clib/microlib/init/entry.s            0x00000000   Number         0  entry.o ABSOLUTE
    ../clib/microlib/longlong.c              0x00000000   Number         0  llushr.o ABSOLUTE
    ../clib/microlib/longlong.c              0x00000000   Number         0  llshl.o ABSOLUTE
    ../clib/microlib/longlong.c              0x00000000   Number         0  llsshr.o ABSOLUTE
    ../clib/microlib/malloc/malloc.c         0x00000000   Number         0  mallocr.o ABSOLUTE
    ../clib/microlib/malloc/malloc.c         0x00000000   Number         0  malloc.o ABSOLUTE
    ../clib/microlib/malloc/malloc.c         0x00000000   Number         0  malloca.o ABSOLUTE
    ../clib/microlib/malloc/malloc.c         0x00000000   Number         0  mallocra.o ABSOLUTE
    ../clib/microlib/malloc/mvars.c          0x00000000   Number         0  mvars.o ABSOLUTE
    ../clib/microlib/printf/printf.c         0x00000000   Number         0  printf4.o ABSOLUTE
    ../clib/microlib/printf/printf.c         0x00000000   Number         0  printf6.o ABSOLUTE
    ../clib/microlib/printf/printf.c         0x00000000   Number         0  printf7.o ABSOLUTE
    ../clib/microlib/printf/printf.c         0x00000000   Number         0  printf8.o ABSOLUTE
    ../clib/microlib/printf/printf.c         0x00000000   Number         0  printfa.o ABSOLUTE
    ../clib/microlib/printf/printf.c         0x00000000   Number         0  printf3.o ABSOLUTE
    ../clib/microlib/printf/printf.c         0x00000000   Number         0  printf5.o ABSOLUTE
    ../clib/microlib/printf/printf.c         0x00000000   Number         0  printfb.o ABSOLUTE
    ../clib/microlib/printf/printf.c         0x00000000   Number         0  printf2.o ABSOLUTE
    ../clib/microlib/printf/printf.c         0x00000000   Number         0  printf1.o ABSOLUTE
    ../clib/microlib/printf/printf.c         0x00000000   Number         0  printf0.o ABSOLUTE
    ../clib/microlib/printf/stubs.s          0x00000000   Number         0  stubs.o ABSOLUTE
    ../clib/microlib/stdio/fclose.c          0x00000000   Number         0  fclose.o ABSOLUTE
    ../clib/microlib/stdio/fwrite.c          0x00000000   Number         0  fwrite_e.o ABSOLUTE
    ../clib/microlib/stdio/fwrite.c          0x00000000   Number         0  fwrite.o ABSOLUTE
    ../clib/microlib/stdio/streams.c         0x00000000   Number         0  stdout.o ABSOLUTE
    ../clib/microlib/string/memcmp.c         0x00000000   Number         0  memcmp.o ABSOLUTE
    ../clib/microlib/string/memcpy.c         0x00000000   Number         0  memmoveb.o ABSOLUTE
    ../clib/microlib/string/memcpy.c         0x00000000   Number         0  memmovea.o ABSOLUTE
    ../clib/microlib/string/memcpy.c         0x00000000   Number         0  memcpya.o ABSOLUTE
    ../clib/microlib/string/memcpy.c         0x00000000   Number         0  memcpyb.o ABSOLUTE
    ../clib/microlib/string/memset.c         0x00000000   Number         0  memseta.o ABSOLUTE
    ../clib/microlib/string/strcat.c         0x00000000   Number         0  strcat.o ABSOLUTE
    ../clib/microlib/string/strchr.c         0x00000000   Number         0  strchr.o ABSOLUTE
    ../clib/microlib/string/strcmp.c         0x00000000   Number         0  strcmp.o ABSOLUTE
    ../clib/microlib/string/strcpy.c         0x00000000   Number         0  strcpy.o ABSOLUTE
    ../clib/microlib/string/strlen.c         0x00000000   Number         0  strlen.o ABSOLUTE
    ../clib/microlib/string/strncmp.c        0x00000000   Number         0  strncmp.o ABSOLUTE
    ../clib/microlib/string/strncpy.c        0x00000000   Number         0  strncpy.o ABSOLUTE
    ../clib/microlib/string/strstr.c         0x00000000   Number         0  strstr.o ABSOLUTE
    ../clib/microlib/string/strtok.c         0x00000000   Number         0  strtok_r.o ABSOLUTE
    ../clib/microlib/string/strtok.c         0x00000000   Number         0  strtok.o ABSOLUTE
    ../clib/microlib/stubs.s                 0x00000000   Number         0  iusefp.o ABSOLUTE
    ../clib/scanf.c                          0x00000000   Number         0  strtol.o ABSOLUTE
    ../clib/scanf.c                          0x00000000   Number         0  _strtoul.o ABSOLUTE
    ../clib/scanf.c                          0x00000000   Number         0  _chval.o ABSOLUTE
    ../clib/scanf.c                          0x00000000   Number         0  atoi.o ABSOLUTE
    ../fplib/microlib/fpadd.c                0x00000000   Number         0  dadd.o ABSOLUTE
    ../fplib/microlib/fpdiv.c                0x00000000   Number         0  ddiv.o ABSOLUTE
    ../fplib/microlib/fpepilogue.c           0x00000000   Number         0  depilogue.o ABSOLUTE
    ../fplib/microlib/fpfix.c                0x00000000   Number         0  dfixul.o ABSOLUTE
    ../fplib/microlib/fpmul.c                0x00000000   Number         0  dmul.o ABSOLUTE
    ..\Drivers\STM32F4xx_HAL_Driver\Src\stm32f4xx_hal.c 0x00000000   Number         0  stm32f4xx_hal.o ABSOLUTE
    ..\Drivers\STM32F4xx_HAL_Driver\Src\stm32f4xx_hal_cortex.c 0x00000000   Number         0  stm32f4xx_hal_cortex.o ABSOLUTE
    ..\Drivers\STM32F4xx_HAL_Driver\Src\stm32f4xx_hal_dma.c 0x00000000   Number         0  stm32f4xx_hal_dma.o ABSOLUTE
    ..\Drivers\STM32F4xx_HAL_Driver\Src\stm32f4xx_hal_dma_ex.c 0x00000000   Number         0  stm32f4xx_hal_dma_ex.o ABSOLUTE
    ..\Drivers\STM32F4xx_HAL_Driver\Src\stm32f4xx_hal_flash.c 0x00000000   Number         0  stm32f4xx_hal_flash.o ABSOLUTE
    ..\Drivers\STM32F4xx_HAL_Driver\Src\stm32f4xx_hal_flash_ex.c 0x00000000   Number         0  stm32f4xx_hal_flash_ex.o ABSOLUTE
    ..\Drivers\STM32F4xx_HAL_Driver\Src\stm32f4xx_hal_flash_ramfunc.c 0x00000000   Number         0  stm32f4xx_hal_flash_ramfunc.o ABSOLUTE
    ..\Drivers\STM32F4xx_HAL_Driver\Src\stm32f4xx_hal_gpio.c 0x00000000   Number         0  stm32f4xx_hal_gpio.o ABSOLUTE
    ..\Drivers\STM32F4xx_HAL_Driver\Src\stm32f4xx_hal_pwr.c 0x00000000   Number         0  stm32f4xx_hal_pwr.o ABSOLUTE
    ..\Drivers\STM32F4xx_HAL_Driver\Src\stm32f4xx_hal_pwr_ex.c 0x00000000   Number         0  stm32f4xx_hal_pwr_ex.o ABSOLUTE
    ..\Drivers\STM32F4xx_HAL_Driver\Src\stm32f4xx_hal_rcc.c 0x00000000   Number         0  stm32f4xx_hal_rcc.o ABSOLUTE
    ..\Drivers\STM32F4xx_HAL_Driver\Src\stm32f4xx_hal_rcc_ex.c 0x00000000   Number         0  stm32f4xx_hal_rcc_ex.o ABSOLUTE
    ..\Drivers\STM32F4xx_HAL_Driver\Src\stm32f4xx_hal_tim.c 0x00000000   Number         0  stm32f4xx_hal_tim.o ABSOLUTE
    ..\Drivers\STM32F4xx_HAL_Driver\Src\stm32f4xx_hal_tim_ex.c 0x00000000   Number         0  stm32f4xx_hal_tim_ex.o ABSOLUTE
    ..\Drivers\STM32F4xx_HAL_Driver\Src\stm32f4xx_hal_uart.c 0x00000000   Number         0  stm32f4xx_hal_uart.o ABSOLUTE
    ..\Src\gpio.c                            0x00000000   Number         0  gpio.o ABSOLUTE
    ..\Src\hal_ota.c                         0x00000000   Number         0  hal_ota.o ABSOLUTE
    ..\Src\hal_sim800.c                      0x00000000   Number         0  hal_sim800.o ABSOLUTE
    ..\Src\main.c                            0x00000000   Number         0  main.o ABSOLUTE
    ..\Src\ota_example_mqtt.c                0x00000000   Number         0  ota_example_mqtt.o ABSOLUTE
    ..\Src\sim8001.c                         0x00000000   Number         0  sim8001.o ABSOLUTE
    ..\Src\stm32f4xx_hal_msp.c               0x00000000   Number         0  stm32f4xx_hal_msp.o ABSOLUTE
    ..\Src\stm32f4xx_hal_timebase_TIM.c      0x00000000   Number         0  stm32f4xx_hal_timebase_tim.o ABSOLUTE
    ..\Src\stm32f4xx_it.c                    0x00000000   Number         0  stm32f4xx_it.o ABSOLUTE
    ..\Src\system_stm32f4xx.c                0x00000000   Number         0  system_stm32f4xx.o ABSOLUTE
    ..\Src\usart.c                           0x00000000   Number         0  usart.o ABSOLUTE
    ..\\Src\\sim8001.c                       0x00000000   Number         0  sim8001.o ABSOLUTE
    ..\\Src\\system_stm32f4xx.c              0x00000000   Number         0  system_stm32f4xx.o ABSOLUTE
    ..\\eng\\atm\\at_parser.c                0x00000000   Number         0  at_parser.o ABSOLUTE
    ..\\eng\\atm\\mqtt_sim800.c              0x00000000   Number         0  mqtt_sim800.o ABSOLUTE
    ..\\eng\\wrappers\\wrapper.c             0x00000000   Number         0  wrapper.o ABSOLUTE
    ..\eng\atm\at_api.c                      0x00000000   Number         0  at_api.o ABSOLUTE
    ..\eng\atm\at_conn_mbox.c                0x00000000   Number         0  at_conn_mbox.o ABSOLUTE
    ..\eng\atm\at_conn_mgmt.c                0x00000000   Number         0  at_conn_mgmt.o ABSOLUTE
    ..\eng\atm\at_mqtt.c                     0x00000000   Number         0  at_mqtt.o ABSOLUTE
    ..\eng\atm\at_parser.c                   0x00000000   Number         0  at_parser.o ABSOLUTE
    ..\eng\atm\at_tcp.c                      0x00000000   Number         0  at_tcp.o ABSOLUTE
    ..\eng\atm\mqtt_sim800.c                 0x00000000   Number         0  mqtt_sim800.o ABSOLUTE
    ..\eng\atm\sim800.c                      0x00000000   Number         0  sim800.o ABSOLUTE
    ..\eng\certs\root_ca.c                   0x00000000   Number         0  root_ca.o ABSOLUTE
    ..\eng\dev_sign\dev_sign_mqtt.c          0x00000000   Number         0  dev_sign_mqtt.o ABSOLUTE
    ..\eng\infra\infra_compat.c              0x00000000   Number         0  infra_compat.o ABSOLUTE
    ..\eng\infra\infra_defs.c                0x00000000   Number         0  infra_defs.o ABSOLUTE
    ..\eng\infra\infra_httpc.c               0x00000000   Number         0  infra_httpc.o ABSOLUTE
    ..\eng\infra\infra_json_parser.c         0x00000000   Number         0  infra_json_parser.o ABSOLUTE
    ..\eng\infra\infra_log.c                 0x00000000   Number         0  infra_log.o ABSOLUTE
    ..\eng\infra\infra_md5.c                 0x00000000   Number         0  infra_md5.o ABSOLUTE
    ..\eng\infra\infra_net.c                 0x00000000   Number         0  infra_net.o ABSOLUTE
    ..\eng\infra\infra_prt_nwk_payload.c     0x00000000   Number         0  infra_prt_nwk_payload.o ABSOLUTE
    ..\eng\infra\infra_report.c              0x00000000   Number         0  infra_report.o ABSOLUTE
    ..\eng\infra\infra_sha256.c              0x00000000   Number         0  infra_sha256.o ABSOLUTE
    ..\eng\infra\infra_string.c              0x00000000   Number         0  infra_string.o ABSOLUTE
    ..\eng\infra\infra_timer.c               0x00000000   Number         0  infra_timer.o ABSOLUTE
    ..\eng\mqtt\MQTTConnectClient.c          0x00000000   Number         0  mqttconnectclient.o ABSOLUTE
    ..\eng\mqtt\MQTTDeserializePublish.c     0x00000000   Number         0  mqttdeserializepublish.o ABSOLUTE
    ..\eng\mqtt\MQTTPacket.c                 0x00000000   Number         0  mqttpacket.o ABSOLUTE
    ..\eng\mqtt\MQTTSerializePublish.c       0x00000000   Number         0  mqttserializepublish.o ABSOLUTE
    ..\eng\mqtt\MQTTSubscribeClient.c        0x00000000   Number         0  mqttsubscribeclient.o ABSOLUTE
    ..\eng\mqtt\MQTTUnsubscribeClient.c      0x00000000   Number         0  mqttunsubscribeclient.o ABSOLUTE
    ..\eng\mqtt\mqtt_api.c                   0x00000000   Number         0  mqtt_api.o ABSOLUTE
    ..\eng\ota\iotx_ota.c                    0x00000000   Number         0  iotx_ota.o ABSOLUTE
    ..\eng\ota\ota_coap.c                    0x00000000   Number         0  ota_coap.o ABSOLUTE
    ..\eng\ota\ota_fetch.c                   0x00000000   Number         0  ota_fetch.o ABSOLUTE
    ..\eng\ota\ota_lib.c                     0x00000000   Number         0  ota_lib.o ABSOLUTE
    ..\eng\ota\ota_mqtt.c                    0x00000000   Number         0  ota_mqtt.o ABSOLUTE
    ..\eng\wrappers\wrapper.c                0x00000000   Number         0  wrapper.o ABSOLUTE
    ble_chat_to_usart.c                      0x00000000   Number         0  ble_chat_to_usart.o ABSOLUTE
    cdrcmple.s                               0x00000000   Number         0  cdrcmple.o ABSOLUTE
    dc.s                                     0x00000000   Number         0  dc.o ABSOLUTE
    handlers.s                               0x00000000   Number         0  handlers.o ABSOLUTE
    init.s                                   0x00000000   Number         0  init.o ABSOLUTE
    startup_stm32f407xx.s                    0x00000000   Number         0  startup_stm32f407xx.o ABSOLUTE
    RESET                                    0x08000000   Section      392  startup_stm32f407xx.o(RESET)
    .ARM.Collect$$$$00000000                 0x08000188   Section        0  entry.o(.ARM.Collect$$$$00000000)
    .ARM.Collect$$$$00000001                 0x08000188   Section        4  entry2.o(.ARM.Collect$$$$00000001)
    .ARM.Collect$$$$00000004                 0x0800018c   Section        4  entry5.o(.ARM.Collect$$$$00000004)
    .ARM.Collect$$$$00000008                 0x08000190   Section        0  entry7b.o(.ARM.Collect$$$$00000008)
    .ARM.Collect$$$$0000000A                 0x08000190   Section        0  entry8b.o(.ARM.Collect$$$$0000000A)
    .ARM.Collect$$$$0000000B                 0x08000190   Section        8  entry9a.o(.ARM.Collect$$$$0000000B)
    .ARM.Collect$$$$0000000D                 0x08000198   Section        0  entry10a.o(.ARM.Collect$$$$0000000D)
    .ARM.Collect$$$$0000000F                 0x08000198   Section        0  entry11a.o(.ARM.Collect$$$$0000000F)
    .ARM.Collect$$$$00002712                 0x08000198   Section        4  entry2.o(.ARM.Collect$$$$00002712)
    __lit__00000000                          0x08000198   Data           4  entry2.o(.ARM.Collect$$$$00002712)
    .text                                    0x0800019c   Section       36  startup_stm32f407xx.o(.text)
    $v0                                      0x0800019c   Number         0  startup_stm32f407xx.o(.text)
    .text                                    0x080001c0   Section        0  uldiv.o(.text)
    .text                                    0x08000222   Section        0  llshl.o(.text)
    .text                                    0x08000240   Section        0  llushr.o(.text)
    .text                                    0x08000260   Section       36  init.o(.text)
    i.ATReceiveData                          0x08000284   Section        0  wrapper.o(i.ATReceiveData)
    i.BusFault_Handler                       0x080002a8   Section        0  stm32f4xx_it.o(i.BusFault_Handler)
    i.DebugMon_Handler                       0x080002ac   Section        0  stm32f4xx_it.o(i.DebugMon_Handler)
    i.HAL_DMA_Abort_IT                       0x080002ae   Section        0  stm32f4xx_hal_dma.o(i.HAL_DMA_Abort_IT)
    i.HAL_GPIO_Init                          0x080002d8   Section        0  stm32f4xx_hal_gpio.o(i.HAL_GPIO_Init)
    i.HAL_GetTick                            0x080004d8   Section        0  stm32f4xx_hal.o(i.HAL_GetTick)
    i.HAL_IncTick                            0x080004e4   Section        0  stm32f4xx_hal.o(i.HAL_IncTick)
    i.HAL_Init                               0x080004fc   Section        0  stm32f4xx_hal.o(i.HAL_Init)
    i.HAL_InitTick                           0x08000538   Section        0  stm32f4xx_hal_timebase_tim.o(i.HAL_InitTick)
    i.HAL_MspInit                            0x080005c0   Section        0  stm32f4xx_hal_msp.o(i.HAL_MspInit)
    i.HAL_NVIC_EnableIRQ                     0x0800065c   Section        0  stm32f4xx_hal_cortex.o(i.HAL_NVIC_EnableIRQ)
    i.HAL_NVIC_SetPriority                   0x0800067c   Section        0  stm32f4xx_hal_cortex.o(i.HAL_NVIC_SetPriority)
    i.HAL_NVIC_SetPriorityGrouping           0x080006f8   Section        0  stm32f4xx_hal_cortex.o(i.HAL_NVIC_SetPriorityGrouping)
    i.HAL_RCC_ClockConfig                    0x08000720   Section        0  stm32f4xx_hal_rcc.o(i.HAL_RCC_ClockConfig)
    i.HAL_RCC_GetClockConfig                 0x080008a0   Section        0  stm32f4xx_hal_rcc.o(i.HAL_RCC_GetClockConfig)
    i.HAL_RCC_GetHCLKFreq                    0x080008e4   Section        0  stm32f4xx_hal_rcc.o(i.HAL_RCC_GetHCLKFreq)
    i.HAL_RCC_GetPCLK1Freq                   0x080008f0   Section        0  stm32f4xx_hal_rcc.o(i.HAL_RCC_GetPCLK1Freq)
    i.HAL_RCC_GetPCLK2Freq                   0x08000910   Section        0  stm32f4xx_hal_rcc.o(i.HAL_RCC_GetPCLK2Freq)
    i.HAL_RCC_GetSysClockFreq                0x08000930   Section        0  stm32f4xx_hal_rcc.o(i.HAL_RCC_GetSysClockFreq)
    i.HAL_RCC_OscConfig                      0x080009e0   Section        0  stm32f4xx_hal_rcc.o(i.HAL_RCC_OscConfig)
    i.HAL_SYSTICK_CLKSourceConfig            0x08000e28   Section        0  stm32f4xx_hal_cortex.o(i.HAL_SYSTICK_CLKSourceConfig)
    i.HAL_SYSTICK_Callback                   0x08000e50   Section        0  stm32f4xx_hal_cortex.o(i.HAL_SYSTICK_Callback)
    i.HAL_SYSTICK_Config                     0x08000e52   Section        0  stm32f4xx_hal_cortex.o(i.HAL_SYSTICK_Config)
    i.HAL_SYSTICK_IRQHandler                 0x08000e86   Section        0  stm32f4xx_hal_cortex.o(i.HAL_SYSTICK_IRQHandler)
    i.HAL_TIMEx_BreakCallback                0x08000e8e   Section        0  stm32f4xx_hal_tim_ex.o(i.HAL_TIMEx_BreakCallback)
    i.HAL_TIMEx_CommutationCallback          0x08000e90   Section        0  stm32f4xx_hal_tim_ex.o(i.HAL_TIMEx_CommutationCallback)
    i.HAL_TIM_Base_Init                      0x08000e92   Section        0  stm32f4xx_hal_tim.o(i.HAL_TIM_Base_Init)
    i.HAL_TIM_Base_MspInit                   0x08000ec6   Section        0  stm32f4xx_hal_tim.o(i.HAL_TIM_Base_MspInit)
    i.HAL_TIM_Base_Start_IT                  0x08000ec8   Section        0  stm32f4xx_hal_tim.o(i.HAL_TIM_Base_Start_IT)
    i.HAL_TIM_IC_CaptureCallback             0x08000ee6   Section        0  stm32f4xx_hal_tim.o(i.HAL_TIM_IC_CaptureCallback)
    i.HAL_TIM_IRQHandler                     0x08000ee8   Section        0  stm32f4xx_hal_tim.o(i.HAL_TIM_IRQHandler)
    i.HAL_TIM_OC_DelayElapsedCallback        0x0800107e   Section        0  stm32f4xx_hal_tim.o(i.HAL_TIM_OC_DelayElapsedCallback)
    i.HAL_TIM_PWM_PulseFinishedCallback      0x08001080   Section        0  stm32f4xx_hal_tim.o(i.HAL_TIM_PWM_PulseFinishedCallback)
    i.HAL_TIM_PeriodElapsedCallback          0x08001082   Section        0  main.o(i.HAL_TIM_PeriodElapsedCallback)
    i.HAL_TIM_TriggerCallback                0x08001094   Section        0  stm32f4xx_hal_tim.o(i.HAL_TIM_TriggerCallback)
    i.HAL_UART_ErrorCallback                 0x08001096   Section        0  stm32f4xx_hal_uart.o(i.HAL_UART_ErrorCallback)
    i.HAL_UART_IRQHandler                    0x08001098   Section        0  stm32f4xx_hal_uart.o(i.HAL_UART_IRQHandler)
    i.HAL_UART_Init                          0x080011e4   Section        0  stm32f4xx_hal_uart.o(i.HAL_UART_Init)
    i.HAL_UART_MspInit                       0x08001258   Section        0  usart.o(i.HAL_UART_MspInit)
    i.HAL_UART_Receive_IT                    0x08001324   Section        0  stm32f4xx_hal_uart.o(i.HAL_UART_Receive_IT)
    i.HAL_UART_RxCpltCallback                0x08001388   Section        0  usart.o(i.HAL_UART_RxCpltCallback)
    i.HAL_UART_TxCpltCallback                0x080013e0   Section        0  stm32f4xx_hal_uart.o(i.HAL_UART_TxCpltCallback)
    i.HardFault_Handler                      0x080013e2   Section        0  stm32f4xx_it.o(i.HardFault_Handler)
    i.MX_GPIO_Init                           0x080013e8   Section        0  gpio.o(i.MX_GPIO_Init)
    i.MX_USART2_UART_Init                    0x0800144c   Section        0  usart.o(i.MX_USART2_UART_Init)
    i.MX_USART3_UART_Init                    0x08001498   Section        0  usart.o(i.MX_USART3_UART_Init)
    i.MemManage_Handler                      0x080014e4   Section        0  stm32f4xx_it.o(i.MemManage_Handler)
    i.NMI_Handler                            0x080014e8   Section        0  stm32f4xx_it.o(i.NMI_Handler)
    i.PendSV_Handler                         0x080014ea   Section        0  stm32f4xx_it.o(i.PendSV_Handler)
    i.SIM800ReceiveData                      0x080014ec   Section        0  sim8001.o(i.SIM800ReceiveData)
    i.SVC_Handler                            0x08001510   Section        0  stm32f4xx_it.o(i.SVC_Handler)
    i.SysTick_Handler                        0x08001512   Section        0  stm32f4xx_it.o(i.SysTick_Handler)
    i.SystemClock_Config                     0x0800151c   Section        0  main.o(i.SystemClock_Config)
    i.SystemInit                             0x080015f8   Section        0  system_stm32f4xx.o(i.SystemInit)
    i.TIM2_IRQHandler                        0x0800165c   Section        0  stm32f4xx_it.o(i.TIM2_IRQHandler)
    i.TIM_Base_SetConfig                     0x0800166c   Section        0  stm32f4xx_hal_tim.o(i.TIM_Base_SetConfig)
    i.UART_DMAAbortOnError                   0x08001750   Section        0  stm32f4xx_hal_uart.o(i.UART_DMAAbortOnError)
    UART_DMAAbortOnError                     0x08001751   Thumb Code    20  stm32f4xx_hal_uart.o(i.UART_DMAAbortOnError)
    i.UART_EndRxTransfer                     0x08001764   Section        0  stm32f4xx_hal_uart.o(i.UART_EndRxTransfer)
    UART_EndRxTransfer                       0x08001765   Thumb Code    32  stm32f4xx_hal_uart.o(i.UART_EndRxTransfer)
    i.UART_EndTransmit_IT                    0x08001784   Section        0  stm32f4xx_hal_uart.o(i.UART_EndTransmit_IT)
    UART_EndTransmit_IT                      0x08001785   Thumb Code    32  stm32f4xx_hal_uart.o(i.UART_EndTransmit_IT)
    i.UART_Receive_IT                        0x080017a4   Section        0  stm32f4xx_hal_uart.o(i.UART_Receive_IT)
    UART_Receive_IT                          0x080017a5   Thumb Code   154  stm32f4xx_hal_uart.o(i.UART_Receive_IT)
    i.UART_SetConfig                         0x08001840   Section        0  stm32f4xx_hal_uart.o(i.UART_SetConfig)
    UART_SetConfig                           0x08001841   Thumb Code   864  stm32f4xx_hal_uart.o(i.UART_SetConfig)
    i.UART_Transmit_IT                       0x08001ba8   Section        0  stm32f4xx_hal_uart.o(i.UART_Transmit_IT)
    UART_Transmit_IT                         0x08001ba9   Thumb Code   104  stm32f4xx_hal_uart.o(i.UART_Transmit_IT)
    i.USART2_IRQHandler                      0x08001c10   Section        0  stm32f4xx_it.o(i.USART2_IRQHandler)
    i.USART3_IRQHandler                      0x08001c20   Section        0  stm32f4xx_it.o(i.USART3_IRQHandler)
    i.UsageFault_Handler                     0x08001c30   Section        0  stm32f4xx_it.o(i.UsageFault_Handler)
    i._Error_Handler                         0x08001c34   Section        0  main.o(i._Error_Handler)
    i.__0printf$8                            0x08001c38   Section        0  printf8.o(i.__0printf$8)
    i.__NVIC_GetPriorityGrouping             0x08001c58   Section        0  stm32f4xx_hal_cortex.o(i.__NVIC_GetPriorityGrouping)
    __NVIC_GetPriorityGrouping               0x08001c59   Thumb Code    10  stm32f4xx_hal_cortex.o(i.__NVIC_GetPriorityGrouping)
    i.__NVIC_SetPriority                     0x08001c68   Section        0  stm32f4xx_hal_cortex.o(i.__NVIC_SetPriority)
    __NVIC_SetPriority                       0x08001c69   Thumb Code    32  stm32f4xx_hal_cortex.o(i.__NVIC_SetPriority)
    i.__scatterload_copy                     0x08001c90   Section       14  handlers.o(i.__scatterload_copy)
    i.__scatterload_null                     0x08001c9e   Section        2  handlers.o(i.__scatterload_null)
    i.__scatterload_zeroinit                 0x08001ca0   Section       14  handlers.o(i.__scatterload_zeroinit)
    i._printf_core                           0x08001cb0   Section        0  printf8.o(i._printf_core)
    _printf_core                             0x08001cb1   Thumb Code   996  printf8.o(i._printf_core)
    i._printf_post_padding                   0x080020c0   Section        0  printf8.o(i._printf_post_padding)
    _printf_post_padding                     0x080020c1   Thumb Code    36  printf8.o(i._printf_post_padding)
    i._printf_pre_padding                    0x080020e4   Section        0  printf8.o(i._printf_pre_padding)
    _printf_pre_padding                      0x080020e5   Thumb Code    46  printf8.o(i._printf_pre_padding)
    i.fputc                                  0x08002114   Section        0  main.o(i.fputc)
    i.main                                   0x08002134   Section        0  main.o(i.main)
    .constdata                               0x0800219c   Section       24  system_stm32f4xx.o(.constdata)
    .data                                    0x20000000   Section        2  sim8001.o(.data)
    .data                                    0x20000004   Section        9  stm32f4xx_hal.o(.data)
    .data                                    0x20000010   Section        4  system_stm32f4xx.o(.data)
    .data                                    0x20000014   Section        2  wrapper.o(.data)
    .data                                    0x20000018   Section        4  stdout.o(.data)
    .bss                                     0x2000001c   Section      138  usart.o(.bss)
    .bss                                     0x200000a8   Section       60  stm32f4xx_hal_timebase_tim.o(.bss)
    .bss                                     0x200000e4   Section      640  sim8001.o(.bss)
    .bss                                     0x20000364   Section       64  wrapper.o(.bss)
    STACK                                    0x200003a8   Section    30720  startup_stm32f407xx.o(STACK)

    Global Symbols

    Symbol Name                              Value     Ov Type        Size  Object(Section)

    BuildAttributes$$THM_ISAv4$E$P$D$K$B$S$7EM$VFPi3$EXTD16$VFPS$VFMA$PE$A:L22UL41UL21$X:L11$S22US41US21$IEEE1$IW$USESV6$~STKCKD$USESV7$~SHL$OSPACE$ROPI$EBA8$MICROLIB$REQ8$PRES8$EABIv2 0x00000000   Number         0  anon$$obj.o ABSOLUTE
    __ARM_use_no_argv                        0x00000000   Number         0  main.o ABSOLUTE
    _printf_a                                0x00000000   Number         0  stubs.o ABSOLUTE
    _printf_c                                0x00000000   Number         0  stubs.o ABSOLUTE
    _printf_charcount                        0x00000000   Number         0  stubs.o ABSOLUTE
    _printf_d                                0x00000000   Number         0  stubs.o ABSOLUTE
    _printf_e                                0x00000000   Number         0  stubs.o ABSOLUTE
    _printf_f                                0x00000000   Number         0  stubs.o ABSOLUTE
    _printf_flags                            0x00000000   Number         0  stubs.o ABSOLUTE
    _printf_fp_dec                           0x00000000   Number         0  stubs.o ABSOLUTE
    _printf_fp_hex                           0x00000000   Number         0  stubs.o ABSOLUTE
    _printf_g                                0x00000000   Number         0  stubs.o ABSOLUTE
    _printf_i                                0x00000000   Number         0  stubs.o ABSOLUTE
    _printf_int_dec                          0x00000000   Number         0  stubs.o ABSOLUTE
    _printf_l                                0x00000000   Number         0  stubs.o ABSOLUTE
    _printf_lc                               0x00000000   Number         0  stubs.o ABSOLUTE
    _printf_ll                               0x00000000   Number         0  stubs.o ABSOLUTE
    _printf_lld                              0x00000000   Number         0  stubs.o ABSOLUTE
    _printf_lli                              0x00000000   Number         0  stubs.o ABSOLUTE
    _printf_llo                              0x00000000   Number         0  stubs.o ABSOLUTE
    _printf_llu                              0x00000000   Number         0  stubs.o ABSOLUTE
    _printf_llx                              0x00000000   Number         0  stubs.o ABSOLUTE
    _printf_longlong_dec                     0x00000000   Number         0  stubs.o ABSOLUTE
    _printf_longlong_hex                     0x00000000   Number         0  stubs.o ABSOLUTE
    _printf_longlong_oct                     0x00000000   Number         0  stubs.o ABSOLUTE
    _printf_ls                               0x00000000   Number         0  stubs.o ABSOLUTE
    _printf_mbtowc                           0x00000000   Number         0  stubs.o ABSOLUTE
    _printf_n                                0x00000000   Number         0  stubs.o ABSOLUTE
    _printf_o                                0x00000000   Number         0  stubs.o ABSOLUTE
    _printf_p                                0x00000000   Number         0  stubs.o ABSOLUTE
    _printf_percent                          0x00000000   Number         0  stubs.o ABSOLUTE
    _printf_pre_padding                      0x00000000   Number         0  stubs.o ABSOLUTE
    _printf_return_value                     0x00000000   Number         0  stubs.o ABSOLUTE
    _printf_s                                0x00000000   Number         0  stubs.o ABSOLUTE
    _printf_sizespec                         0x00000000   Number         0  stubs.o ABSOLUTE
    _printf_str                              0x00000000   Number         0  stubs.o ABSOLUTE
    _printf_truncate_signed                  0x00000000   Number         0  stubs.o ABSOLUTE
    _printf_truncate_unsigned                0x00000000   Number         0  stubs.o ABSOLUTE
    _printf_u                                0x00000000   Number         0  stubs.o ABSOLUTE
    _printf_wc                               0x00000000   Number         0  stubs.o ABSOLUTE
    _printf_wctomb                           0x00000000   Number         0  stubs.o ABSOLUTE
    _printf_widthprec                        0x00000000   Number         0  stubs.o ABSOLUTE
    _printf_x                                0x00000000   Number         0  stubs.o ABSOLUTE
    __cpp_initialize__aeabi_                  - Undefined Weak Reference
    __cxa_finalize                            - Undefined Weak Reference
    __decompress                              - Undefined Weak Reference
    _clock_init                               - Undefined Weak Reference
    _microlib_exit                            - Undefined Weak Reference
    __Vectors_Size                           0x00000188   Number         0  startup_stm32f407xx.o ABSOLUTE
    __Vectors                                0x08000000   Data           4  startup_stm32f407xx.o(RESET)
    __Vectors_End                            0x08000188   Data           0  startup_stm32f407xx.o(RESET)
    __main                                   0x08000189   Thumb Code     0  entry.o(.ARM.Collect$$$$00000000)
    _main_stk                                0x08000189   Thumb Code     0  entry2.o(.ARM.Collect$$$$00000001)
    _main_scatterload                        0x0800018d   Thumb Code     0  entry5.o(.ARM.Collect$$$$00000004)
    __main_after_scatterload                 0x08000191   Thumb Code     0  entry5.o(.ARM.Collect$$$$00000004)
    _main_clock                              0x08000191   Thumb Code     0  entry7b.o(.ARM.Collect$$$$00000008)
    _main_cpp_init                           0x08000191   Thumb Code     0  entry8b.o(.ARM.Collect$$$$0000000A)
    _main_init                               0x08000191   Thumb Code     0  entry9a.o(.ARM.Collect$$$$0000000B)
    __rt_final_cpp                           0x08000199   Thumb Code     0  entry10a.o(.ARM.Collect$$$$0000000D)
    __rt_final_exit                          0x08000199   Thumb Code     0  entry11a.o(.ARM.Collect$$$$0000000F)
    Reset_Handler                            0x0800019d   Thumb Code     8  startup_stm32f407xx.o(.text)
    ADC_IRQHandler                           0x080001b7   Thumb Code     0  startup_stm32f407xx.o(.text)
    CAN1_RX0_IRQHandler                      0x080001b7   Thumb Code     0  startup_stm32f407xx.o(.text)
    CAN1_RX1_IRQHandler                      0x080001b7   Thumb Code     0  startup_stm32f407xx.o(.text)
    CAN1_SCE_IRQHandler                      0x080001b7   Thumb Code     0  startup_stm32f407xx.o(.text)
    CAN1_TX_IRQHandler                       0x080001b7   Thumb Code     0  startup_stm32f407xx.o(.text)
    CAN2_RX0_IRQHandler                      0x080001b7   Thumb Code     0  startup_stm32f407xx.o(.text)
    CAN2_RX1_IRQHandler                      0x080001b7   Thumb Code     0  startup_stm32f407xx.o(.text)
    CAN2_SCE_IRQHandler                      0x080001b7   Thumb Code     0  startup_stm32f407xx.o(.text)
    CAN2_TX_IRQHandler                       0x080001b7   Thumb Code     0  startup_stm32f407xx.o(.text)
    DCMI_IRQHandler                          0x080001b7   Thumb Code     0  startup_stm32f407xx.o(.text)
    DMA1_Stream0_IRQHandler                  0x080001b7   Thumb Code     0  startup_stm32f407xx.o(.text)
    DMA1_Stream1_IRQHandler                  0x080001b7   Thumb Code     0  startup_stm32f407xx.o(.text)
    DMA1_Stream2_IRQHandler                  0x080001b7   Thumb Code     0  startup_stm32f407xx.o(.text)
    DMA1_Stream3_IRQHandler                  0x080001b7   Thumb Code     0  startup_stm32f407xx.o(.text)
    DMA1_Stream4_IRQHandler                  0x080001b7   Thumb Code     0  startup_stm32f407xx.o(.text)
    DMA1_Stream5_IRQHandler                  0x080001b7   Thumb Code     0  startup_stm32f407xx.o(.text)
    DMA1_Stream6_IRQHandler                  0x080001b7   Thumb Code     0  startup_stm32f407xx.o(.text)
    DMA1_Stream7_IRQHandler                  0x080001b7   Thumb Code     0  startup_stm32f407xx.o(.text)
    DMA2_Stream0_IRQHandler                  0x080001b7   Thumb Code     0  startup_stm32f407xx.o(.text)
    DMA2_Stream1_IRQHandler                  0x080001b7   Thumb Code     0  startup_stm32f407xx.o(.text)
    DMA2_Stream2_IRQHandler                  0x080001b7   Thumb Code     0  startup_stm32f407xx.o(.text)
    DMA2_Stream3_IRQHandler                  0x080001b7   Thumb Code     0  startup_stm32f407xx.o(.text)
    DMA2_Stream4_IRQHandler                  0x080001b7   Thumb Code     0  startup_stm32f407xx.o(.text)
    DMA2_Stream5_IRQHandler                  0x080001b7   Thumb Code     0  startup_stm32f407xx.o(.text)
    DMA2_Stream6_IRQHandler                  0x080001b7   Thumb Code     0  startup_stm32f407xx.o(.text)
    DMA2_Stream7_IRQHandler                  0x080001b7   Thumb Code     0  startup_stm32f407xx.o(.text)
    ETH_IRQHandler                           0x080001b7   Thumb Code     0  startup_stm32f407xx.o(.text)
    ETH_WKUP_IRQHandler                      0x080001b7   Thumb Code     0  startup_stm32f407xx.o(.text)
    EXTI0_IRQHandler                         0x080001b7   Thumb Code     0  startup_stm32f407xx.o(.text)
    EXTI15_10_IRQHandler                     0x080001b7   Thumb Code     0  startup_stm32f407xx.o(.text)
    EXTI1_IRQHandler                         0x080001b7   Thumb Code     0  startup_stm32f407xx.o(.text)
    EXTI2_IRQHandler                         0x080001b7   Thumb Code     0  startup_stm32f407xx.o(.text)
    EXTI3_IRQHandler                         0x080001b7   Thumb Code     0  startup_stm32f407xx.o(.text)
    EXTI4_IRQHandler                         0x080001b7   Thumb Code     0  startup_stm32f407xx.o(.text)
    EXTI9_5_IRQHandler                       0x080001b7   Thumb Code     0  startup_stm32f407xx.o(.text)
    FLASH_IRQHandler                         0x080001b7   Thumb Code     0  startup_stm32f407xx.o(.text)
    FMC_IRQHandler                           0x080001b7   Thumb Code     0  startup_stm32f407xx.o(.text)
    FPU_IRQHandler                           0x080001b7   Thumb Code     0  startup_stm32f407xx.o(.text)
    HASH_RNG_IRQHandler                      0x080001b7   Thumb Code     0  startup_stm32f407xx.o(.text)
    I2C1_ER_IRQHandler                       0x080001b7   Thumb Code     0  startup_stm32f407xx.o(.text)
    I2C1_EV_IRQHandler                       0x080001b7   Thumb Code     0  startup_stm32f407xx.o(.text)
    I2C2_ER_IRQHandler                       0x080001b7   Thumb Code     0  startup_stm32f407xx.o(.text)
    I2C2_EV_IRQHandler                       0x080001b7   Thumb Code     0  startup_stm32f407xx.o(.text)
    I2C3_ER_IRQHandler                       0x080001b7   Thumb Code     0  startup_stm32f407xx.o(.text)
    I2C3_EV_IRQHandler                       0x080001b7   Thumb Code     0  startup_stm32f407xx.o(.text)
    OTG_FS_IRQHandler                        0x080001b7   Thumb Code     0  startup_stm32f407xx.o(.text)
    OTG_FS_WKUP_IRQHandler                   0x080001b7   Thumb Code     0  startup_stm32f407xx.o(.text)
    OTG_HS_EP1_IN_IRQHandler                 0x080001b7   Thumb Code     0  startup_stm32f407xx.o(.text)
    OTG_HS_EP1_OUT_IRQHandler                0x080001b7   Thumb Code     0  startup_stm32f407xx.o(.text)
    OTG_HS_IRQHandler                        0x080001b7   Thumb Code     0  startup_stm32f407xx.o(.text)
    OTG_HS_WKUP_IRQHandler                   0x080001b7   Thumb Code     0  startup_stm32f407xx.o(.text)
    PVD_IRQHandler                           0x080001b7   Thumb Code     0  startup_stm32f407xx.o(.text)
    RCC_IRQHandler                           0x080001b7   Thumb Code     0  startup_stm32f407xx.o(.text)
    RTC_Alarm_IRQHandler                     0x080001b7   Thumb Code     0  startup_stm32f407xx.o(.text)
    RTC_WKUP_IRQHandler                      0x080001b7   Thumb Code     0  startup_stm32f407xx.o(.text)
    SDIO_IRQHandler                          0x080001b7   Thumb Code     0  startup_stm32f407xx.o(.text)
    SPI1_IRQHandler                          0x080001b7   Thumb Code     0  startup_stm32f407xx.o(.text)
    SPI2_IRQHandler                          0x080001b7   Thumb Code     0  startup_stm32f407xx.o(.text)
    SPI3_IRQHandler                          0x080001b7   Thumb Code     0  startup_stm32f407xx.o(.text)
    TAMP_STAMP_IRQHandler                    0x080001b7   Thumb Code     0  startup_stm32f407xx.o(.text)
    TIM1_BRK_TIM9_IRQHandler                 0x080001b7   Thumb Code     0  startup_stm32f407xx.o(.text)
    TIM1_CC_IRQHandler                       0x080001b7   Thumb Code     0  startup_stm32f407xx.o(.text)
    TIM1_TRG_COM_TIM11_IRQHandler            0x080001b7   Thumb Code     0  startup_stm32f407xx.o(.text)
    TIM1_UP_TIM10_IRQHandler                 0x080001b7   Thumb Code     0  startup_stm32f407xx.o(.text)
    TIM3_IRQHandler                          0x080001b7   Thumb Code     0  startup_stm32f407xx.o(.text)
    TIM4_IRQHandler                          0x080001b7   Thumb Code     0  startup_stm32f407xx.o(.text)
    TIM5_IRQHandler                          0x080001b7   Thumb Code     0  startup_stm32f407xx.o(.text)
    TIM6_DAC_IRQHandler                      0x080001b7   Thumb Code     0  startup_stm32f407xx.o(.text)
    TIM7_IRQHandler                          0x080001b7   Thumb Code     0  startup_stm32f407xx.o(.text)
    TIM8_BRK_TIM12_IRQHandler                0x080001b7   Thumb Code     0  startup_stm32f407xx.o(.text)
    TIM8_CC_IRQHandler                       0x080001b7   Thumb Code     0  startup_stm32f407xx.o(.text)
    TIM8_TRG_COM_TIM14_IRQHandler            0x080001b7   Thumb Code     0  startup_stm32f407xx.o(.text)
    TIM8_UP_TIM13_IRQHandler                 0x080001b7   Thumb Code     0  startup_stm32f407xx.o(.text)
    UART4_IRQHandler                         0x080001b7   Thumb Code     0  startup_stm32f407xx.o(.text)
    UART5_IRQHandler                         0x080001b7   Thumb Code     0  startup_stm32f407xx.o(.text)
    USART1_IRQHandler                        0x080001b7   Thumb Code     0  startup_stm32f407xx.o(.text)
    USART6_IRQHandler                        0x080001b7   Thumb Code     0  startup_stm32f407xx.o(.text)
    WWDG_IRQHandler                          0x080001b7   Thumb Code     0  startup_stm32f407xx.o(.text)
    __aeabi_uldivmod                         0x080001c1   Thumb Code    98  uldiv.o(.text)
    __aeabi_llsl                             0x08000223   Thumb Code    30  llshl.o(.text)
    _ll_shift_l                              0x08000223   Thumb Code     0  llshl.o(.text)
    __aeabi_llsr                             0x08000241   Thumb Code    32  llushr.o(.text)
    _ll_ushift_r                             0x08000241   Thumb Code     0  llushr.o(.text)
    __scatterload                            0x08000261   Thumb Code    28  init.o(.text)
    __scatterload_rt2                        0x08000261   Thumb Code     0  init.o(.text)
    ATReceiveData                            0x08000285   Thumb Code    26  wrapper.o(i.ATReceiveData)
    BusFault_Handler                         0x080002a9   Thumb Code     4  stm32f4xx_it.o(i.BusFault_Handler)
    DebugMon_Handler                         0x080002ad   Thumb Code     2  stm32f4xx_it.o(i.DebugMon_Handler)
    HAL_DMA_Abort_IT                         0x080002af   Thumb Code    40  stm32f4xx_hal_dma.o(i.HAL_DMA_Abort_IT)
    HAL_GPIO_Init                            0x080002d9   Thumb Code   466  stm32f4xx_hal_gpio.o(i.HAL_GPIO_Init)
    HAL_GetTick                              0x080004d9   Thumb Code     6  stm32f4xx_hal.o(i.HAL_GetTick)
    HAL_IncTick                              0x080004e5   Thumb Code    16  stm32f4xx_hal.o(i.HAL_IncTick)
    HAL_Init                                 0x080004fd   Thumb Code    54  stm32f4xx_hal.o(i.HAL_Init)
    HAL_InitTick                             0x08000539   Thumb Code   124  stm32f4xx_hal_timebase_tim.o(i.HAL_InitTick)
    HAL_MspInit                              0x080005c1   Thumb Code   150  stm32f4xx_hal_msp.o(i.HAL_MspInit)
    HAL_NVIC_EnableIRQ                       0x0800065d   Thumb Code    32  stm32f4xx_hal_cortex.o(i.HAL_NVIC_EnableIRQ)
    HAL_NVIC_SetPriority                     0x0800067d   Thumb Code   124  stm32f4xx_hal_cortex.o(i.HAL_NVIC_SetPriority)
    HAL_NVIC_SetPriorityGrouping             0x080006f9   Thumb Code    32  stm32f4xx_hal_cortex.o(i.HAL_NVIC_SetPriorityGrouping)
    HAL_RCC_ClockConfig                      0x08000721   Thumb Code   366  stm32f4xx_hal_rcc.o(i.HAL_RCC_ClockConfig)
    HAL_RCC_GetClockConfig                   0x080008a1   Thumb Code    58  stm32f4xx_hal_rcc.o(i.HAL_RCC_GetClockConfig)
    HAL_RCC_GetHCLKFreq                      0x080008e5   Thumb Code     6  stm32f4xx_hal_rcc.o(i.HAL_RCC_GetHCLKFreq)
    HAL_RCC_GetPCLK1Freq                     0x080008f1   Thumb Code    22  stm32f4xx_hal_rcc.o(i.HAL_RCC_GetPCLK1Freq)
    HAL_RCC_GetPCLK2Freq                     0x08000911   Thumb Code    22  stm32f4xx_hal_rcc.o(i.HAL_RCC_GetPCLK2Freq)
    HAL_RCC_GetSysClockFreq                  0x08000931   Thumb Code   162  stm32f4xx_hal_rcc.o(i.HAL_RCC_GetSysClockFreq)
    HAL_RCC_OscConfig                        0x080009e1   Thumb Code  1086  stm32f4xx_hal_rcc.o(i.HAL_RCC_OscConfig)
    HAL_SYSTICK_CLKSourceConfig              0x08000e29   Thumb Code    40  stm32f4xx_hal_cortex.o(i.HAL_SYSTICK_CLKSourceConfig)
    HAL_SYSTICK_Callback                     0x08000e51   Thumb Code     2  stm32f4xx_hal_cortex.o(i.HAL_SYSTICK_Callback)
    HAL_SYSTICK_Config                       0x08000e53   Thumb Code    52  stm32f4xx_hal_cortex.o(i.HAL_SYSTICK_Config)
    HAL_SYSTICK_IRQHandler                   0x08000e87   Thumb Code     8  stm32f4xx_hal_cortex.o(i.HAL_SYSTICK_IRQHandler)
    HAL_TIMEx_BreakCallback                  0x08000e8f   Thumb Code     2  stm32f4xx_hal_tim_ex.o(i.HAL_TIMEx_BreakCallback)
    HAL_TIMEx_CommutationCallback            0x08000e91   Thumb Code     2  stm32f4xx_hal_tim_ex.o(i.HAL_TIMEx_CommutationCallback)
    HAL_TIM_Base_Init                        0x08000e93   Thumb Code    52  stm32f4xx_hal_tim.o(i.HAL_TIM_Base_Init)
    HAL_TIM_Base_MspInit                     0x08000ec7   Thumb Code     2  stm32f4xx_hal_tim.o(i.HAL_TIM_Base_MspInit)
    HAL_TIM_Base_Start_IT                    0x08000ec9   Thumb Code    30  stm32f4xx_hal_tim.o(i.HAL_TIM_Base_Start_IT)
    HAL_TIM_IC_CaptureCallback               0x08000ee7   Thumb Code     2  stm32f4xx_hal_tim.o(i.HAL_TIM_IC_CaptureCallback)
    HAL_TIM_IRQHandler                       0x08000ee9   Thumb Code   406  stm32f4xx_hal_tim.o(i.HAL_TIM_IRQHandler)
    HAL_TIM_OC_DelayElapsedCallback          0x0800107f   Thumb Code     2  stm32f4xx_hal_tim.o(i.HAL_TIM_OC_DelayElapsedCallback)
    HAL_TIM_PWM_PulseFinishedCallback        0x08001081   Thumb Code     2  stm32f4xx_hal_tim.o(i.HAL_TIM_PWM_PulseFinishedCallback)
    HAL_TIM_PeriodElapsedCallback            0x08001083   Thumb Code    18  main.o(i.HAL_TIM_PeriodElapsedCallback)
    HAL_TIM_TriggerCallback                  0x08001095   Thumb Code     2  stm32f4xx_hal_tim.o(i.HAL_TIM_TriggerCallback)
    HAL_UART_ErrorCallback                   0x08001097   Thumb Code     2  stm32f4xx_hal_uart.o(i.HAL_UART_ErrorCallback)
    HAL_UART_IRQHandler                      0x08001099   Thumb Code   326  stm32f4xx_hal_uart.o(i.HAL_UART_IRQHandler)
    HAL_UART_Init                            0x080011e5   Thumb Code   114  stm32f4xx_hal_uart.o(i.HAL_UART_Init)
    HAL_UART_MspInit                         0x08001259   Thumb Code   182  usart.o(i.HAL_UART_MspInit)
    HAL_UART_Receive_IT                      0x08001325   Thumb Code   100  stm32f4xx_hal_uart.o(i.HAL_UART_Receive_IT)
    HAL_UART_RxCpltCallback                  0x08001389   Thumb Code    66  usart.o(i.HAL_UART_RxCpltCallback)
    HAL_UART_TxCpltCallback                  0x080013e1   Thumb Code     2  stm32f4xx_hal_uart.o(i.HAL_UART_TxCpltCallback)
    HardFault_Handler                        0x080013e3   Thumb Code     4  stm32f4xx_it.o(i.HardFault_Handler)
    MX_GPIO_Init                             0x080013e9   Thumb Code    96  gpio.o(i.MX_GPIO_Init)
    MX_USART2_UART_Init                      0x0800144d   Thumb Code    50  usart.o(i.MX_USART2_UART_Init)
    MX_USART3_UART_Init                      0x08001499   Thumb Code    50  usart.o(i.MX_USART3_UART_Init)
    MemManage_Handler                        0x080014e5   Thumb Code     4  stm32f4xx_it.o(i.MemManage_Handler)
    NMI_Handler                              0x080014e9   Thumb Code     2  stm32f4xx_it.o(i.NMI_Handler)
    PendSV_Handler                           0x080014eb   Thumb Code     2  stm32f4xx_it.o(i.PendSV_Handler)
    SIM800ReceiveData                        0x080014ed   Thumb Code    28  sim8001.o(i.SIM800ReceiveData)
    SVC_Handler                              0x08001511   Thumb Code     2  stm32f4xx_it.o(i.SVC_Handler)
    SysTick_Handler                          0x08001513   Thumb Code     8  stm32f4xx_it.o(i.SysTick_Handler)
    SystemClock_Config                       0x0800151d   Thumb Code   194  main.o(i.SystemClock_Config)
    SystemInit                               0x080015f9   Thumb Code    82  system_stm32f4xx.o(i.SystemInit)
    TIM2_IRQHandler                          0x0800165d   Thumb Code    10  stm32f4xx_it.o(i.TIM2_IRQHandler)
    TIM_Base_SetConfig                       0x0800166d   Thumb Code   184  stm32f4xx_hal_tim.o(i.TIM_Base_SetConfig)
    USART2_IRQHandler                        0x08001c11   Thumb Code    10  stm32f4xx_it.o(i.USART2_IRQHandler)
    USART3_IRQHandler                        0x08001c21   Thumb Code    10  stm32f4xx_it.o(i.USART3_IRQHandler)
    UsageFault_Handler                       0x08001c31   Thumb Code     4  stm32f4xx_it.o(i.UsageFault_Handler)
    _Error_Handler                           0x08001c35   Thumb Code     4  main.o(i._Error_Handler)
    __0printf$8                              0x08001c39   Thumb Code    22  printf8.o(i.__0printf$8)
    __1printf$8                              0x08001c39   Thumb Code     0  printf8.o(i.__0printf$8)
    __2printf                                0x08001c39   Thumb Code     0  printf8.o(i.__0printf$8)
    __scatterload_copy                       0x08001c91   Thumb Code    14  handlers.o(i.__scatterload_copy)
    __scatterload_null                       0x08001c9f   Thumb Code     2  handlers.o(i.__scatterload_null)
    __scatterload_zeroinit                   0x08001ca1   Thumb Code    14  handlers.o(i.__scatterload_zeroinit)
    fputc                                    0x08002115   Thumb Code    26  main.o(i.fputc)
    main                                     0x08002135   Thumb Code    58  main.o(i.main)
    AHBPrescTable                            0x0800219c   Data          16  system_stm32f4xx.o(.constdata)
    APBPrescTable                            0x080021ac   Data           8  system_stm32f4xx.o(.constdata)
    Region$$Table$$Base                      0x080021b4   Number         0  anon$$obj.o(Region$$Table)
    Region$$Table$$Limit                     0x080021d4   Number         0  anon$$obj.o(Region$$Table)
    point_sim800                             0x20000000   Data           2  sim8001.o(.data)
    uwTick                                   0x20000004   Data           4  stm32f4xx_hal.o(.data)
    uwTickPrio                               0x20000008   Data           4  stm32f4xx_hal.o(.data)
    uwTickFreq                               0x2000000c   Data           1  stm32f4xx_hal.o(.data)
    SystemCoreClock                          0x20000010   Data           4  system_stm32f4xx.o(.data)
    at_point                                 0x20000014   Data           2  wrapper.o(.data)
    __stdout                                 0x20000018   Data           4  stdout.o(.data)
    huart2                                   0x2000001c   Data          64  usart.o(.bss)
    huart3                                   0x2000005c   Data          64  usart.o(.bss)
    rec_table                                0x2000009c   Data          10  usart.o(.bss)
    htim2                                    0x200000a8   Data          60  stm32f4xx_hal_timebase_tim.o(.bss)
    Container_SensorData                     0x200000e4   Data          40  sim8001.o(.bss)
    SIM800_RX_BUF                            0x2000010c   Data         600  sim8001.o(.bss)
    AT_RX_BUF                                0x20000364   Data          64  wrapper.o(.bss)
    __initial_sp                             0x20007ba8   Data           0  startup_stm32f407xx.o(STACK)



==============================================================================

Memory Map of the image

  Image Entry point : 0x08000189

  Load Region LR_IROM1 (Base: 0x08000000, Size: 0x000021f0, Max: 0x00100000, ABSOLUTE)

    Execution Region ER_IROM1 (Base: 0x08000000, Size: 0x000021d4, Max: 0x00100000, ABSOLUTE)

    Base Addr    Size         Type   Attr      Idx    E Section Name        Object

    0x08000000   0x00000188   Data   RO            3    RESET               startup_stm32f407xx.o
    0x08000188   0x00000000   Code   RO         5738  * .ARM.Collect$$$$00000000  mc_w.l(entry.o)
    0x08000188   0x00000004   Code   RO         6076    .ARM.Collect$$$$00000001  mc_w.l(entry2.o)
    0x0800018c   0x00000004   Code   RO         6079    .ARM.Collect$$$$00000004  mc_w.l(entry5.o)
    0x08000190   0x00000000   Code   RO         6081    .ARM.Collect$$$$00000008  mc_w.l(entry7b.o)
    0x08000190   0x00000000   Code   RO         6083    .ARM.Collect$$$$0000000A  mc_w.l(entry8b.o)
    0x08000190   0x00000008   Code   RO         6084    .ARM.Collect$$$$0000000B  mc_w.l(entry9a.o)
    0x08000198   0x00000000   Code   RO         6086    .ARM.Collect$$$$0000000D  mc_w.l(entry10a.o)
    0x08000198   0x00000000   Code   RO         6088    .ARM.Collect$$$$0000000F  mc_w.l(entry11a.o)
    0x08000198   0x00000004   Code   RO         6077    .ARM.Collect$$$$00002712  mc_w.l(entry2.o)
    0x0800019c   0x00000024   Code   RO            4    .text               startup_stm32f407xx.o
    0x080001c0   0x00000062   Code   RO         5747    .text               mc_w.l(uldiv.o)
    0x08000222   0x0000001e   Code   RO         6093    .text               mc_w.l(llshl.o)
    0x08000240   0x00000020   Code   RO         6095    .text               mc_w.l(llushr.o)
    0x08000260   0x00000024   Code   RO         6147    .text               mc_w.l(init.o)
    0x08000284   0x00000024   Code   RO         5271    i.ATReceiveData     wrapper.o
    0x080002a8   0x00000004   Code   RO          283    i.BusFault_Handler  stm32f4xx_it.o
    0x080002ac   0x00000002   Code   RO          284    i.DebugMon_Handler  stm32f4xx_it.o
    0x080002ae   0x00000028   Code   RO         2271    i.HAL_DMA_Abort_IT  stm32f4xx_hal_dma.o
    0x080002d6   0x00000002   PAD
    0x080002d8   0x00000200   Code   RO         2163    i.HAL_GPIO_Init     stm32f4xx_hal_gpio.o
    0x080004d8   0x0000000c   Code   RO         2700    i.HAL_GetTick       stm32f4xx_hal.o
    0x080004e4   0x00000018   Code   RO         2704    i.HAL_IncTick       stm32f4xx_hal.o
    0x080004fc   0x0000003c   Code   RO         2705    i.HAL_Init          stm32f4xx_hal.o
    0x08000538   0x00000088   Code   RO          401    i.HAL_InitTick      stm32f4xx_hal_timebase_tim.o
    0x080005c0   0x0000009c   Code   RO          377    i.HAL_MspInit       stm32f4xx_hal_msp.o
    0x0800065c   0x00000020   Code   RO         2552    i.HAL_NVIC_EnableIRQ  stm32f4xx_hal_cortex.o
    0x0800067c   0x0000007c   Code   RO         2558    i.HAL_NVIC_SetPriority  stm32f4xx_hal_cortex.o
    0x080006f8   0x00000028   Code   RO         2559    i.HAL_NVIC_SetPriorityGrouping  stm32f4xx_hal_cortex.o
    0x08000720   0x00000180   Code   RO         1776    i.HAL_RCC_ClockConfig  stm32f4xx_hal_rcc.o
    0x080008a0   0x00000044   Code   RO         1780    i.HAL_RCC_GetClockConfig  stm32f4xx_hal_rcc.o
    0x080008e4   0x0000000c   Code   RO         1781    i.HAL_RCC_GetHCLKFreq  stm32f4xx_hal_rcc.o
    0x080008f0   0x00000020   Code   RO         1783    i.HAL_RCC_GetPCLK1Freq  stm32f4xx_hal_rcc.o
    0x08000910   0x00000020   Code   RO         1784    i.HAL_RCC_GetPCLK2Freq  stm32f4xx_hal_rcc.o
    0x08000930   0x000000b0   Code   RO         1785    i.HAL_RCC_GetSysClockFreq  stm32f4xx_hal_rcc.o
    0x080009e0   0x00000448   Code   RO         1788    i.HAL_RCC_OscConfig  stm32f4xx_hal_rcc.o
    0x08000e28   0x00000028   Code   RO         2561    i.HAL_SYSTICK_CLKSourceConfig  stm32f4xx_hal_cortex.o
    0x08000e50   0x00000002   Code   RO         2562    i.HAL_SYSTICK_Callback  stm32f4xx_hal_cortex.o
    0x08000e52   0x00000034   Code   RO         2563    i.HAL_SYSTICK_Config  stm32f4xx_hal_cortex.o
    0x08000e86   0x00000008   Code   RO         2564    i.HAL_SYSTICK_IRQHandler  stm32f4xx_hal_cortex.o
    0x08000e8e   0x00000002   Code   RO         1205    i.HAL_TIMEx_BreakCallback  stm32f4xx_hal_tim_ex.o
    0x08000e90   0x00000002   Code   RO         1206    i.HAL_TIMEx_CommutationCallback  stm32f4xx_hal_tim_ex.o
    0x08000e92   0x00000034   Code   RO          566    i.HAL_TIM_Base_Init  stm32f4xx_hal_tim.o
    0x08000ec6   0x00000002   Code   RO          568    i.HAL_TIM_Base_MspInit  stm32f4xx_hal_tim.o
    0x08000ec8   0x0000001e   Code   RO          571    i.HAL_TIM_Base_Start_IT  stm32f4xx_hal_tim.o
    0x08000ee6   0x00000002   Code   RO          595    i.HAL_TIM_IC_CaptureCallback  stm32f4xx_hal_tim.o
    0x08000ee8   0x00000196   Code   RO          608    i.HAL_TIM_IRQHandler  stm32f4xx_hal_tim.o
    0x0800107e   0x00000002   Code   RO          611    i.HAL_TIM_OC_DelayElapsedCallback  stm32f4xx_hal_tim.o
    0x08001080   0x00000002   Code   RO          638    i.HAL_TIM_PWM_PulseFinishedCallback  stm32f4xx_hal_tim.o
    0x08001082   0x00000012   Code   RO           13    i.HAL_TIM_PeriodElapsedCallback  main.o
    0x08001094   0x00000002   Code   RO          649    i.HAL_TIM_TriggerCallback  stm32f4xx_hal_tim.o
    0x08001096   0x00000002   Code   RO         1465    i.HAL_UART_ErrorCallback  stm32f4xx_hal_uart.o
    0x08001098   0x0000014c   Code   RO         1468    i.HAL_UART_IRQHandler  stm32f4xx_hal_uart.o
    0x080011e4   0x00000072   Code   RO         1469    i.HAL_UART_Init     stm32f4xx_hal_uart.o
    0x08001256   0x00000002   PAD
    0x08001258   0x000000cc   Code   RO          195    i.HAL_UART_MspInit  usart.o
    0x08001324   0x00000064   Code   RO         1474    i.HAL_UART_Receive_IT  stm32f4xx_hal_uart.o
    0x08001388   0x00000058   Code   RO          196    i.HAL_UART_RxCpltCallback  usart.o
    0x080013e0   0x00000002   Code   RO         1480    i.HAL_UART_TxCpltCallback  stm32f4xx_hal_uart.o
    0x080013e2   0x00000004   Code   RO          285    i.HardFault_Handler  stm32f4xx_it.o
    0x080013e6   0x00000002   PAD
    0x080013e8   0x00000064   Code   RO          170    i.MX_GPIO_Init      gpio.o
    0x0800144c   0x0000004c   Code   RO          197    i.MX_USART2_UART_Init  usart.o
    0x08001498   0x0000004c   Code   RO          198    i.MX_USART3_UART_Init  usart.o
    0x080014e4   0x00000004   Code   RO          286    i.MemManage_Handler  stm32f4xx_it.o
    0x080014e8   0x00000002   Code   RO          287    i.NMI_Handler       stm32f4xx_it.o
    0x080014ea   0x00000002   Code   RO          288    i.PendSV_Handler    stm32f4xx_it.o
    0x080014ec   0x00000024   Code   RO          483    i.SIM800ReceiveData  sim8001.o
    0x08001510   0x00000002   Code   RO          289    i.SVC_Handler       stm32f4xx_it.o
    0x08001512   0x00000008   Code   RO          290    i.SysTick_Handler   stm32f4xx_it.o
    0x0800151a   0x00000002   PAD
    0x0800151c   0x000000dc   Code   RO           14    i.SystemClock_Config  main.o
    0x080015f8   0x00000064   Code   RO         2859    i.SystemInit        system_stm32f4xx.o
    0x0800165c   0x00000010   Code   RO          291    i.TIM2_IRQHandler   stm32f4xx_it.o
    0x0800166c   0x000000e4   Code   RO          650    i.TIM_Base_SetConfig  stm32f4xx_hal_tim.o
    0x08001750   0x00000014   Code   RO         1482    i.UART_DMAAbortOnError  stm32f4xx_hal_uart.o
    0x08001764   0x00000020   Code   RO         1492    i.UART_EndRxTransfer  stm32f4xx_hal_uart.o
    0x08001784   0x00000020   Code   RO         1493    i.UART_EndTransmit_IT  stm32f4xx_hal_uart.o
    0x080017a4   0x0000009a   Code   RO         1495    i.UART_Receive_IT   stm32f4xx_hal_uart.o
    0x0800183e   0x00000002   PAD
    0x08001840   0x00000368   Code   RO         1496    i.UART_SetConfig    stm32f4xx_hal_uart.o
    0x08001ba8   0x00000068   Code   RO         1497    i.UART_Transmit_IT  stm32f4xx_hal_uart.o
    0x08001c10   0x00000010   Code   RO          292    i.USART2_IRQHandler  stm32f4xx_it.o
    0x08001c20   0x00000010   Code   RO          293    i.USART3_IRQHandler  stm32f4xx_it.o
    0x08001c30   0x00000004   Code   RO          294    i.UsageFault_Handler  stm32f4xx_it.o
    0x08001c34   0x00000004   Code   RO           15    i._Error_Handler    main.o
    0x08001c38   0x00000020   Code   RO         5990    i.__0printf$8       mc_w.l(printf8.o)
    0x08001c58   0x00000010   Code   RO         2565    i.__NVIC_GetPriorityGrouping  stm32f4xx_hal_cortex.o
    0x08001c68   0x00000028   Code   RO         2566    i.__NVIC_SetPriority  stm32f4xx_hal_cortex.o
    0x08001c90   0x0000000e   Code   RO         6157    i.__scatterload_copy  mc_w.l(handlers.o)
    0x08001c9e   0x00000002   Code   RO         6158    i.__scatterload_null  mc_w.l(handlers.o)
    0x08001ca0   0x0000000e   Code   RO         6159    i.__scatterload_zeroinit  mc_w.l(handlers.o)
    0x08001cae   0x00000002   PAD
    0x08001cb0   0x00000410   Code   RO         5997    i._printf_core      mc_w.l(printf8.o)
    0x080020c0   0x00000024   Code   RO         5998    i._printf_post_padding  mc_w.l(printf8.o)
    0x080020e4   0x0000002e   Code   RO         5999    i._printf_pre_padding  mc_w.l(printf8.o)
    0x08002112   0x00000002   PAD
    0x08002114   0x00000020   Code   RO           17    i.fputc             main.o
    0x08002134   0x00000068   Code   RO           18    i.main              main.o
    0x0800219c   0x00000018   Data   RO         2860    .constdata          system_stm32f4xx.o
    0x080021b4   0x00000020   Data   RO         6155    Region$$Table       anon$$obj.o


    Execution Region RW_IRAM1 (Base: 0x20000000, Size: 0x00007ba8, Max: 0x00020000, ABSOLUTE)

    Base Addr    Size         Type   Attr      Idx    E Section Name        Object

    0x20000000   0x00000002   Data   RW          488    .data               sim8001.o
    0x20000002   0x00000002   PAD
    0x20000004   0x00000009   Data   RW         2712    .data               stm32f4xx_hal.o
    0x2000000d   0x00000003   PAD
    0x20000010   0x00000004   Data   RW         2861    .data               system_stm32f4xx.o
    0x20000014   0x00000002   Data   RW         5295    .data               wrapper.o
    0x20000016   0x00000002   PAD
    0x20000018   0x00000004   Data   RW         6090    .data               mc_w.l(stdout.o)
    0x2000001c   0x0000008a   Zero   RW          199    .bss                usart.o
    0x200000a6   0x00000002   PAD
    0x200000a8   0x0000003c   Zero   RW          404    .bss                stm32f4xx_hal_timebase_tim.o
    0x200000e4   0x00000280   Zero   RW          487    .bss                sim8001.o
    0x20000364   0x00000040   Zero   RW         5294    .bss                wrapper.o
    0x200003a4   0x00000004   PAD
    0x200003a8   0x00007800   Zero   RW            1    STACK               startup_stm32f407xx.o


==============================================================================

Image component sizes


      Code (inc. data)   RO Data    RW Data    ZI Data      Debug   Object Name

       100          4          0          0          0        847   gpio.o
       378         78          0          0          0     683305   main.o
        36          8          0          2        640       2014   sim8001.o
        36          8        392          0      30720        848   startup_stm32f407xx.o
        96         20          0          9          0       3314   stm32f4xx_hal.o
       354         22          0          0          0      35945   stm32f4xx_hal_cortex.o
        40          0          0          0          0       1155   stm32f4xx_hal_dma.o
       512         46          0          0          0       1688   stm32f4xx_hal_gpio.o
       156          6          0          0          0        926   stm32f4xx_hal_msp.o
      1800         94          0          0          0       6289   stm32f4xx_hal_rcc.o
       726         44          0          0          0       6398   stm32f4xx_hal_tim.o
         4          0          0          0          0       1618   stm32f4xx_hal_tim_ex.o
       136         12          0          0         60       1536   stm32f4xx_hal_timebase_tim.o
      1764         14          0          0          0       8167   stm32f4xx_hal_uart.o
        80         18          0          0          0       5736   stm32f4xx_it.o
       100         18         24          4          0       1235   system_stm32f4xx.o
       444         96          0          0        138       5811   usart.o
        36         10          0          2         64       1552   wrapper.o

    ----------------------------------------------------------------------
      6808        498        448         24      31628     768384   Object Totals
         0          0         32          0          0          0   (incl. Generated)
        10          0          0          7          6          0   (incl. Padding)

    ----------------------------------------------------------------------

      Code (inc. data)   RO Data    RW Data    ZI Data      Debug   Library Member Name

         0          0          0          0          0          0   entry.o
         0          0          0          0          0          0   entry10a.o
         0          0          0          0          0          0   entry11a.o
         8          4          0          0          0          0   entry2.o
         4          0          0          0          0          0   entry5.o
         0          0          0          0          0          0   entry7b.o
         0          0          0          0          0          0   entry8b.o
         8          4          0          0          0          0   entry9a.o
        30          0          0          0          0          0   handlers.o
        36          8          0          0          0         68   init.o
        30          0          0          0          0         68   llshl.o
        32          0          0          0          0         68   llushr.o
      1154         54          0          0          0        352   printf8.o
         0          0          0          4          0          0   stdout.o
        98          0          0          0          0         92   uldiv.o

    ----------------------------------------------------------------------
      1404         70          0          4          0        648   Library Totals
         4          0          0          0          0          0   (incl. Padding)

    ----------------------------------------------------------------------

      Code (inc. data)   RO Data    RW Data    ZI Data      Debug   Library Name

      1400         70          0          4          0        648   mc_w.l

    ----------------------------------------------------------------------
      1404         70          0          4          0        648   Library Totals

    ----------------------------------------------------------------------

==============================================================================


      Code (inc. data)   RO Data    RW Data    ZI Data      Debug   

      8212        568        448         28      31628     762676   Grand Totals
      8212        568        448         28      31628     762676   ELF Image Totals
      8212        568        448         28          0          0   ROM Totals

==============================================================================

    Total RO  Size (Code + RO Data)                 8660 (   8.46kB)
    Total RW  Size (RW Data + ZI Data)             31656 (  30.91kB)
    Total ROM Size (Code + RO Data + RW Data)       8688 (   8.48kB)

==============================================================================

